RESOURCE name=D-V2-256 threads=256 registers=56 static_shared=0 dynamic_shared=38912 local_bytes=0 active_blocks_per_sm=2 grid=8x15x38 block=256x1x1 steps_per_launch=2 theoretical_occupancy_pct=33.333333
CLUSTER runtime_cluster=0 dim=1x1x1 active_clusters_device=340 potential_cluster_size=8
LBM_allocateGrid: allocated 185.2 MByte
TRIAL 0 us_per_step=135.674041748
TRIAL 1 us_per_step=135.676101685
TRIAL 2 us_per_step=135.707641602
TRIAL 3 us_per_step=135.664733887
TRIAL 4 us_per_step=135.626876831
TRIAL 5 us_per_step=135.630020142
TRIAL 6 us_per_step=135.707839966
TRIAL 7 us_per_step=135.702682495
TRIAL 8 us_per_step=135.673858643
TRIAL 9 us_per_step=135.705764771
TRIAL 10 us_per_step=135.618759155
TRIAL 11 us_per_step=135.663131714
TRIAL 12 us_per_step=135.669784546
TRIAL 13 us_per_step=135.699554443
TRIAL 14 us_per_step=135.700576782
TRIAL 15 us_per_step=135.693466187
TRIAL 16 us_per_step=135.698593140
TRIAL 17 us_per_step=135.731353760
TRIAL 18 us_per_step=135.682174683
TRIAL 19 us_per_step=135.714782715
BENCH mode=D-V2-256 warmups=5 trials=20 steps=1000 launches=500 median_us=135.687820435 min_us=135.618759155 p90_us=135.707839966 mlups=15918.893774564 equivalent_population_TB_s=2.419671854
