RESOURCE name=D-V2-256 threads=256 registers=56 static_shared=0 dynamic_shared=38912 local_bytes=0 active_blocks_per_sm=2 grid=8x15x38 block=256x1x1 steps_per_launch=2 theoretical_occupancy_pct=33.333333
CLUSTER runtime_cluster=0 dim=1x1x1 active_clusters_device=340 potential_cluster_size=8
LBM_allocateGrid: allocated 185.2 MByte
TRIAL 0 us_per_step=135.730237961
TRIAL 1 us_per_step=135.567359924
TRIAL 2 us_per_step=135.835199356
TRIAL 3 us_per_step=135.730876923
TRIAL 4 us_per_step=135.731840134
TRIAL 5 us_per_step=135.697603226
TRIAL 6 us_per_step=135.731201172
TRIAL 7 us_per_step=135.774078369
TRIAL 8 us_per_step=135.681600571
TRIAL 9 us_per_step=135.802879333
TRIAL 10 us_per_step=135.639038086
TRIAL 11 us_per_step=135.747842789
TRIAL 12 us_per_step=135.753278732
TRIAL 13 us_per_step=135.839996338
TRIAL 14 us_per_step=135.905275345
TRIAL 15 us_per_step=135.772476196
TRIAL 16 us_per_step=135.659523010
TRIAL 17 us_per_step=135.753278732
TRIAL 18 us_per_step=135.654401779
TRIAL 19 us_per_step=135.669755936
BENCH mode=D-V2-256 warmups=5 trials=20 steps=100 launches=50 median_us=135.731520653 min_us=135.567359924 p90_us=135.835199356 mlups=15913.768516053 equivalent_population_TB_s=2.418892814
