RESOURCE name=D-C0-Z2-256 threads=256 registers=56 static_shared=0 dynamic_shared=38912 local_bytes=0 active_blocks_per_sm=2 grid=8x15x38 block=256x1x1 steps_per_launch=2 theoretical_occupancy_pct=33.333333
CLUSTER runtime_cluster=1 dim=1x1x2 active_clusters_device=170 potential_cluster_size=8
LBM_allocateGrid: allocated 185.2 MByte
TRIAL 0 us_per_step=143.543682098
TRIAL 1 us_per_step=143.533763885
TRIAL 2 us_per_step=143.586559296
TRIAL 3 us_per_step=143.605756760
TRIAL 4 us_per_step=143.646402359
TRIAL 5 us_per_step=143.545923233
TRIAL 6 us_per_step=143.452482224
TRIAL 7 us_per_step=143.585920334
TRIAL 8 us_per_step=143.472957611
TRIAL 9 us_per_step=143.615684509
TRIAL 10 us_per_step=143.585281372
TRIAL 11 us_per_step=143.576316833
TRIAL 12 us_per_step=143.545923233
TRIAL 13 us_per_step=143.483200073
TRIAL 14 us_per_step=143.626880646
TRIAL 15 us_per_step=143.495044708
TRIAL 16 us_per_step=143.482561111
TRIAL 17 us_per_step=143.585281372
TRIAL 18 us_per_step=143.594875336
TRIAL 19 us_per_step=143.594560623
BENCH mode=D-C0-Z2-256 warmups=5 trials=20 steps=100 launches=50 median_us=143.580799103 min_us=143.452482224 p90_us=143.615684509 mlups=15043.794250328 equivalent_population_TB_s=2.286656726
