RESOURCE name=D-C0-Z2-256 threads=256 registers=56 static_shared=0 dynamic_shared=38912 local_bytes=0 active_blocks_per_sm=2 grid=8x15x38 block=256x1x1 steps_per_launch=2 theoretical_occupancy_pct=33.333333
CLUSTER runtime_cluster=1 dim=1x1x2 active_clusters_device=170 potential_cluster_size=8
LBM_allocateGrid: allocated 185.2 MByte
TRIAL 0 us_per_step=143.513603210
TRIAL 1 us_per_step=143.615999222
TRIAL 2 us_per_step=143.648643494
TRIAL 3 us_per_step=143.669118881
TRIAL 4 us_per_step=143.586244583
TRIAL 5 us_per_step=143.648004532
TRIAL 6 us_per_step=143.727359772
TRIAL 7 us_per_step=143.699836731
TRIAL 8 us_per_step=143.605756760
TRIAL 9 us_per_step=143.697919846
TRIAL 10 us_per_step=143.697280884
TRIAL 11 us_per_step=143.617916107
TRIAL 12 us_per_step=143.749761581
TRIAL 13 us_per_step=143.648004532
TRIAL 14 us_per_step=143.698558807
TRIAL 15 us_per_step=143.709764481
TRIAL 16 us_per_step=143.703680038
TRIAL 17 us_per_step=143.708162308
TRIAL 18 us_per_step=143.687038422
TRIAL 19 us_per_step=143.646717072
BENCH mode=D-C0-Z2-256 warmups=5 trials=20 steps=100 launches=50 median_us=143.678078651 min_us=143.513603210 p90_us=143.709764481 mlups=15033.608608035 equivalent_population_TB_s=2.285108508
