RESOURCE name=D-C1-Z2-256 threads=256 registers=56 static_shared=0 dynamic_shared=38912 local_bytes=0 active_blocks_per_sm=2 grid=8x15x38 block=256x1x1 steps_per_launch=2 theoretical_occupancy_pct=33.333333
CLUSTER runtime_cluster=1 dim=1x1x2 active_clusters_device=170 potential_cluster_size=8
LBM_allocateGrid: allocated 185.2 MByte
TRIAL 0 us_per_step=145.856674194
TRIAL 1 us_per_step=146.090179443
TRIAL 2 us_per_step=145.874938965
TRIAL 3 us_per_step=145.912902832
TRIAL 4 us_per_step=145.875106812
TRIAL 5 us_per_step=145.911972046
TRIAL 6 us_per_step=145.853561401
TRIAL 7 us_per_step=145.891418457
TRIAL 8 us_per_step=145.836196899
TRIAL 9 us_per_step=145.850494385
TRIAL 10 us_per_step=145.842208862
TRIAL 11 us_per_step=145.898651123
TRIAL 12 us_per_step=145.882278442
TRIAL 13 us_per_step=145.892517090
TRIAL 14 us_per_step=145.896636963
TRIAL 15 us_per_step=145.893508911
TRIAL 16 us_per_step=145.898620605
TRIAL 17 us_per_step=145.861816406
TRIAL 18 us_per_step=145.907867432
TRIAL 19 us_per_step=145.887390137
BENCH mode=D-C1-Z2-256 warmups=5 trials=20 steps=1000 launches=500 median_us=145.889404297 min_us=145.836196899 p90_us=145.911972046 mlups=14805.735964241 equivalent_population_TB_s=2.250471867
