RESOURCE name=D-V3-Z2-256 threads=256 registers=64 static_shared=0 dynamic_shared=38912 local_bytes=0 active_blocks_per_sm=2 grid=8x15x38 block=256x1x1 steps_per_launch=2 theoretical_occupancy_pct=33.333333
CLUSTER runtime_cluster=1 dim=1x1x2 active_clusters_device=170 potential_cluster_size=8
LBM_allocateGrid: allocated 185.2 MByte
TRIAL 0 us_per_step=140.257282257
TRIAL 1 us_per_step=140.264959335
TRIAL 2 us_per_step=140.135679245
TRIAL 3 us_per_step=140.298242569
TRIAL 4 us_per_step=140.207681656
TRIAL 5 us_per_step=140.248317719
TRIAL 6 us_per_step=140.197763443
TRIAL 7 us_per_step=140.409603119
TRIAL 8 us_per_step=140.328960419
TRIAL 9 us_per_step=140.307836533
TRIAL 10 us_per_step=140.310077667
TRIAL 11 us_per_step=140.257921219
TRIAL 12 us_per_step=140.349760056
TRIAL 13 us_per_step=140.320320129
TRIAL 14 us_per_step=140.359678268
TRIAL 15 us_per_step=140.320320129
TRIAL 16 us_per_step=140.317764282
TRIAL 17 us_per_step=140.420799255
TRIAL 18 us_per_step=140.328636169
TRIAL 19 us_per_step=140.195837021
BENCH mode=D-V3-Z2-256 warmups=5 trials=20 steps=100 launches=50 median_us=140.308957100 min_us=140.135679245 p90_us=140.359678268 mlups=15394.598068759 equivalent_population_TB_s=2.339978906
