RESOURCE name=D-V3-Z2-256 threads=256 registers=64 static_shared=0 dynamic_shared=38912 local_bytes=0 active_blocks_per_sm=2 grid=8x15x38 block=256x1x1 steps_per_launch=2 theoretical_occupancy_pct=33.333333
CLUSTER runtime_cluster=1 dim=1x1x2 active_clusters_device=170 potential_cluster_size=8
LBM_allocateGrid: allocated 185.2 MByte
TRIAL 0 us_per_step=140.421123505
TRIAL 1 us_per_step=140.482559204
TRIAL 2 us_per_step=140.473918915
TRIAL 3 us_per_step=140.391359329
TRIAL 4 us_per_step=140.361604691
TRIAL 5 us_per_step=140.443201065
TRIAL 6 us_per_step=140.351037979
TRIAL 7 us_per_step=140.441598892
TRIAL 8 us_per_step=140.348796844
TRIAL 9 us_per_step=140.461759567
TRIAL 10 us_per_step=140.463037491
TRIAL 11 us_per_step=140.279359818
TRIAL 12 us_per_step=140.468158722
TRIAL 13 us_per_step=140.445756912
TRIAL 14 us_per_step=140.381441116
TRIAL 15 us_per_step=140.469760895
TRIAL 16 us_per_step=140.431680679
TRIAL 17 us_per_step=140.513277054
TRIAL 18 us_per_step=140.359678268
TRIAL 19 us_per_step=140.329923630
BENCH mode=D-V3-Z2-256 warmups=5 trials=20 steps=100 launches=50 median_us=140.436639786 min_us=140.279359818 p90_us=140.473918915 mlups=15380.601553092 equivalent_population_TB_s=2.337851436
