RESOURCE name=D-C0-Z2-256 threads=256 registers=56 static_shared=0 dynamic_shared=38912 local_bytes=0 active_blocks_per_sm=2 grid=8x15x38 block=256x1x1 steps_per_launch=2 theoretical_occupancy_pct=33.333333
CLUSTER runtime_cluster=1 dim=1x1x2 active_clusters_device=170 potential_cluster_size=8
LBM_allocateGrid: allocated 185.2 MByte
TRIAL 0 us_per_step=143.615360260
TRIAL 1 us_per_step=143.660163879
TRIAL 2 us_per_step=143.729276657
TRIAL 3 us_per_step=143.663358688
TRIAL 4 us_per_step=143.630723953
TRIAL 5 us_per_step=143.631362915
TRIAL 6 us_per_step=143.710079193
TRIAL 7 us_per_step=143.764801025
TRIAL 8 us_per_step=143.515520096
TRIAL 9 us_per_step=143.501119614
TRIAL 10 us_per_step=143.554563522
TRIAL 11 us_per_step=143.538875580
TRIAL 12 us_per_step=143.728637695
TRIAL 13 us_per_step=143.585281372
TRIAL 14 us_per_step=143.697919846
TRIAL 15 us_per_step=143.785915375
TRIAL 16 us_per_step=143.689603806
TRIAL 17 us_per_step=143.653116226
TRIAL 18 us_per_step=143.727998734
TRIAL 19 us_per_step=143.615999222
BENCH mode=D-C0-Z2-256 warmups=5 trials=20 steps=100 launches=50 median_us=143.656640053 min_us=143.501119614 p90_us=143.729276657 mlups=15035.852148611 equivalent_population_TB_s=2.285449527
