RESOURCE name=D-V3-Z2-256 threads=256 registers=64 static_shared=0 dynamic_shared=38912 local_bytes=0 active_blocks_per_sm=2 grid=8x15x38 block=256x1x1 steps_per_launch=2 theoretical_occupancy_pct=33.333333
CLUSTER runtime_cluster=1 dim=1x1x2 active_clusters_device=170 potential_cluster_size=8
LBM_allocateGrid: allocated 185.2 MByte
TRIAL 0 us_per_step=140.245437622
TRIAL 1 us_per_step=140.328960419
TRIAL 2 us_per_step=140.281600952
TRIAL 3 us_per_step=140.248317719
TRIAL 4 us_per_step=140.299844742
TRIAL 5 us_per_step=140.398721695
TRIAL 6 us_per_step=140.289278030
TRIAL 7 us_per_step=140.387201309
TRIAL 8 us_per_step=140.318717957
TRIAL 9 us_per_step=140.369920731
TRIAL 10 us_per_step=140.382080078
TRIAL 11 us_per_step=140.402555466
TRIAL 12 us_per_step=140.431041718
TRIAL 13 us_per_step=140.514240265
TRIAL 14 us_per_step=140.412483215
TRIAL 15 us_per_step=140.463676453
TRIAL 16 us_per_step=140.554237366
TRIAL 17 us_per_step=140.334081650
TRIAL 18 us_per_step=140.462083817
TRIAL 19 us_per_step=140.369920731
BENCH mode=D-V3-Z2-256 warmups=5 trials=20 steps=100 launches=50 median_us=140.376000404 min_us=140.245437622 p90_us=140.463676453 mlups=15387.245638699 equivalent_population_TB_s=2.338861337
