RESOURCE name=D-V2-256 threads=256 registers=56 static_shared=0 dynamic_shared=38912 local_bytes=0 active_blocks_per_sm=2 grid=8x15x38 block=256x1x1 steps_per_launch=2 theoretical_occupancy_pct=33.333333
CLUSTER runtime_cluster=0 dim=1x1x1 active_clusters_device=340 potential_cluster_size=8
LBM_allocateGrid: allocated 185.2 MByte
TRIAL 0 us_per_step=135.791683197
TRIAL 1 us_per_step=135.765762329
TRIAL 2 us_per_step=135.773763657
TRIAL 3 us_per_step=135.727357864
TRIAL 4 us_per_step=135.827836990
TRIAL 5 us_per_step=135.726718903
TRIAL 6 us_per_step=135.640640259
TRIAL 7 us_per_step=135.747842789
TRIAL 8 us_per_step=135.661439896
TRIAL 9 us_per_step=135.693759918
TRIAL 10 us_per_step=135.836477280
TRIAL 11 us_per_step=135.664319992
TRIAL 12 us_per_step=135.742721558
TRIAL 13 us_per_step=135.657281876
TRIAL 14 us_per_step=135.794239044
TRIAL 15 us_per_step=135.839996338
TRIAL 16 us_per_step=135.640316010
TRIAL 17 us_per_step=135.717115402
TRIAL 18 us_per_step=135.730562210
TRIAL 19 us_per_step=135.715522766
BENCH mode=D-V2-256 warmups=5 trials=20 steps=100 launches=50 median_us=135.728960037 min_us=135.640316010 p90_us=135.827836990 mlups=15914.068739696 equivalent_population_TB_s=2.418938448
