RESOURCE name=D-C1-Z2-256 threads=256 registers=56 static_shared=0 dynamic_shared=38912 local_bytes=0 active_blocks_per_sm=2 grid=8x15x38 block=256x1x1 steps_per_launch=2 theoretical_occupancy_pct=33.333333
CLUSTER runtime_cluster=1 dim=1x1x2 active_clusters_device=170 potential_cluster_size=8
LBM_allocateGrid: allocated 185.2 MByte
TRIAL 0 us_per_step=145.776643753
TRIAL 1 us_per_step=145.842561722
TRIAL 2 us_per_step=145.715522766
TRIAL 3 us_per_step=145.712957382
TRIAL 4 us_per_step=145.563201904
TRIAL 5 us_per_step=145.796155930
TRIAL 6 us_per_step=145.819520950
TRIAL 7 us_per_step=145.849924088
TRIAL 8 us_per_step=145.725440979
TRIAL 9 us_per_step=145.768003464
TRIAL 10 us_per_step=145.735044479
TRIAL 11 us_per_step=145.909118652
TRIAL 12 us_per_step=145.930242538
TRIAL 13 us_per_step=145.787839890
TRIAL 14 us_per_step=145.927362442
TRIAL 15 us_per_step=145.880641937
TRIAL 16 us_per_step=145.787515640
TRIAL 17 us_per_step=145.856962204
TRIAL 18 us_per_step=145.879039764
TRIAL 19 us_per_step=145.785284042
BENCH mode=D-C1-Z2-256 warmups=5 trials=20 steps=100 launches=50 median_us=145.791997910 min_us=145.563201904 p90_us=145.909118652 mlups=14815.627956070 equivalent_population_TB_s=2.251975449
