DEVICE name=NVIDIA GeForce RTX 5090 cc=12.0 sms=170
RESOURCE name=D-C0-Z2-LoadBalancing threads=256 registers=56 static_shared=0 dynamic_shared=38912 local_bytes=0 active_blocks_per_sm=2 grid=8x15x38 block=256x1x1 steps_per_launch=2 theoretical_occupancy_pct=33.333333
CLUSTER runtime_cluster=1 dim=1x1x2 size=2 policy=LoadBalancing active_clusters_device=170 potential_cluster_size=8
LBM_allocateGrid: allocated 185.2 MByte
TRIAL 0 us_per_step=137.542724609
TRIAL 1 us_per_step=137.451524734
TRIAL 2 us_per_step=137.605438232
TRIAL 3 us_per_step=137.453441620
TRIAL 4 us_per_step=137.524480820
TRIAL 5 us_per_step=137.514562607
TRIAL 6 us_per_step=137.555198669
TRIAL 7 us_per_step=137.513284683
TRIAL 8 us_per_step=137.422723770
TRIAL 9 us_per_step=137.492475510
TRIAL 10 us_per_step=137.593917847
TRIAL 11 us_per_step=137.514877319
TRIAL 12 us_per_step=137.514877319
TRIAL 13 us_per_step=137.535362244
TRIAL 14 us_per_step=137.519683838
TRIAL 15 us_per_step=137.432956696
TRIAL 16 us_per_step=137.668476105
TRIAL 17 us_per_step=137.586240768
TRIAL 18 us_per_step=137.441282272
TRIAL 19 us_per_step=137.523517609
BENCH mode=D-C0-Z2-LoadBalancing warmups=5 trials=20 steps=100 launches=50 median_us=137.517280579 min_us=137.422723770 p90_us=137.593917847 mlups=15707.116886777 equivalent_population_TB_s=2.387481767
