DEVICE name=NVIDIA GeForce RTX 5090 cc=12.0 sms=170
RESOURCE name=D-C0-Z2-Spread threads=256 registers=56 static_shared=0 dynamic_shared=38912 local_bytes=0 active_blocks_per_sm=2 grid=8x15x38 block=256x1x1 steps_per_launch=2 theoretical_occupancy_pct=33.333333
CLUSTER runtime_cluster=1 dim=1x1x2 size=2 policy=Spread active_clusters_device=170 potential_cluster_size=8
LBM_allocateGrid: allocated 185.2 MByte
TRIAL 0 us_per_step=143.830215454
TRIAL 1 us_per_step=143.840164185
TRIAL 2 us_per_step=143.879333496
TRIAL 3 us_per_step=143.855102539
TRIAL 4 us_per_step=143.841476440
TRIAL 5 us_per_step=143.825088501
TRIAL 6 us_per_step=143.863998413
TRIAL 7 us_per_step=143.814117432
TRIAL 8 us_per_step=143.866012573
TRIAL 9 us_per_step=143.868103027
TRIAL 10 us_per_step=143.826110840
TRIAL 11 us_per_step=143.783615112
TRIAL 12 us_per_step=143.852676392
TRIAL 13 us_per_step=143.839385986
TRIAL 14 us_per_step=143.831069946
TRIAL 15 us_per_step=143.852737427
TRIAL 16 us_per_step=143.809661865
TRIAL 17 us_per_step=143.848632812
TRIAL 18 us_per_step=143.868377686
TRIAL 19 us_per_step=143.838333130
BENCH mode=D-C0-Z2-Spread warmups=5 trials=20 steps=1000 launches=500 median_us=143.840820312 min_us=143.783615112 p90_us=143.868103027 mlups=15016.599566850 equivalent_population_TB_s=2.282523134
