DEVICE name=NVIDIA GeForce RTX 5090 cc=12.0 sms=170
RESOURCE name=D-C0-Z2-LoadBalancing threads=256 registers=56 static_shared=0 dynamic_shared=38912 local_bytes=0 active_blocks_per_sm=2 grid=8x15x38 block=256x1x1 steps_per_launch=2 theoretical_occupancy_pct=33.333333
CLUSTER runtime_cluster=1 dim=1x1x2 size=2 policy=LoadBalancing active_clusters_device=170 potential_cluster_size=8
LBM_allocateGrid: allocated 185.2 MByte
TRIAL 0 us_per_step=137.505981445
TRIAL 1 us_per_step=137.499877930
TRIAL 2 us_per_step=137.491455078
TRIAL 3 us_per_step=137.502914429
TRIAL 4 us_per_step=137.501693726
TRIAL 5 us_per_step=137.474243164
TRIAL 6 us_per_step=137.471130371
TRIAL 7 us_per_step=137.498779297
TRIAL 8 us_per_step=137.475234985
TRIAL 9 us_per_step=137.488571167
TRIAL 10 us_per_step=137.519226074
TRIAL 11 us_per_step=137.513061523
TRIAL 12 us_per_step=137.547775269
TRIAL 13 us_per_step=137.536605835
TRIAL 14 us_per_step=137.576156616
TRIAL 15 us_per_step=137.599197388
TRIAL 16 us_per_step=137.548858643
TRIAL 17 us_per_step=137.510086060
TRIAL 18 us_per_step=137.551040649
TRIAL 19 us_per_step=137.587875366
BENCH mode=D-C0-Z2-LoadBalancing warmups=5 trials=20 steps=1000 launches=500 median_us=137.508033752 min_us=137.471130371 p90_us=137.576156616 mlups=15708.173123097 equivalent_population_TB_s=2.387642315
