DEVICE name=NVIDIA GeForce RTX 5090 cc=12.0 sms=170
RESOURCE name=D-V2-256 threads=256 registers=56 static_shared=0 dynamic_shared=38912 local_bytes=0 active_blocks_per_sm=2 grid=8x15x38 block=256x1x1 steps_per_launch=2 theoretical_occupancy_pct=33.333333
CLUSTER runtime_cluster=0 dim=0x0x0 size=0 policy=None active_clusters_device=340 potential_cluster_size=8
LBM_allocateGrid: allocated 185.2 MByte
TRIAL 0 us_per_step=135.721282959
TRIAL 1 us_per_step=135.710077286
TRIAL 2 us_per_step=135.733118057
TRIAL 3 us_per_step=135.609922409
TRIAL 4 us_per_step=135.814723969
TRIAL 5 us_per_step=135.753278732
TRIAL 6 us_per_step=135.650882721
TRIAL 7 us_per_step=135.774402618
TRIAL 8 us_per_step=135.681915283
TRIAL 9 us_per_step=135.782403946
TRIAL 10 us_per_step=135.813436508
TRIAL 11 us_per_step=135.752639771
TRIAL 12 us_per_step=135.733118057
TRIAL 13 us_per_step=135.671682358
TRIAL 14 us_per_step=135.639677048
TRIAL 15 us_per_step=135.722875595
TRIAL 16 us_per_step=135.753602982
TRIAL 17 us_per_step=135.732164383
TRIAL 18 us_per_step=135.833921432
TRIAL 19 us_per_step=135.690555573
BENCH mode=D-V2-256 warmups=5 trials=20 steps=100 launches=50 median_us=135.732641220 min_us=135.609922409 p90_us=135.813436508 mlups=15913.637136829 equivalent_population_TB_s=2.418872845
