DEVICE name=NVIDIA GeForce RTX 5090 cc=12.0 sms=170
RESOURCE name=D-V2-256 threads=256 registers=56 static_shared=0 dynamic_shared=38912 local_bytes=0 active_blocks_per_sm=2 grid=8x15x38 block=256x1x1 steps_per_launch=2 theoretical_occupancy_pct=33.333333
CLUSTER runtime_cluster=0 dim=0x0x0 size=0 policy=None active_clusters_device=340 potential_cluster_size=8
LBM_allocateGrid: allocated 185.2 MByte
TRIAL 0 us_per_step=135.751361847
TRIAL 1 us_per_step=135.761919022
TRIAL 2 us_per_step=135.865602493
TRIAL 3 us_per_step=135.506877899
TRIAL 4 us_per_step=135.733118057
TRIAL 5 us_per_step=135.844478607
TRIAL 6 us_per_step=135.691204071
TRIAL 7 us_per_step=135.702400208
TRIAL 8 us_per_step=135.692157745
TRIAL 9 us_per_step=135.720958710
TRIAL 10 us_per_step=135.710716248
TRIAL 11 us_per_step=135.866241455
TRIAL 12 us_per_step=135.743360519
TRIAL 13 us_per_step=135.651197433
TRIAL 14 us_per_step=135.680637360
TRIAL 15 us_per_step=135.682563782
TRIAL 16 us_per_step=135.722875595
TRIAL 17 us_per_step=135.659837723
TRIAL 18 us_per_step=135.761919022
TRIAL 19 us_per_step=135.721282959
BENCH mode=D-V2-256 warmups=5 trials=20 steps=100 launches=50 median_us=135.721120834 min_us=135.506877899 p90_us=135.844478607 mlups=15914.987930554 equivalent_population_TB_s=2.419078165
