LBM_allocateGrid: allocated 185.2 MByte
MAIN_printInfo:
	grid size      : 120 x 120 x 150 = 2.16 * 10^6 Cells
	nTimeSteps     : 6
	result file    : /mnt2/xys-syx/Project/lbm-megakernel/results/rtx5090/upstream-B0-6.dat
	action         : store
	simulation type: lid-driven cavity
	obstacle file  : <none>

LBM_allocateGrid: allocated 185.2 MByte
LBM_allocateGrid: allocated 185.2 MByte
LBM_showGridStatistics:
	nObstacleCells:   99248 nAccelCells:   26912 nFluidCells: 2033840
	minRho:   1.0000 maxRho:   1.0000 mass: 2.160000e+06
	minU: 0.000000e+00 maxU: 0.000000e+00

nt: 6 took 1864 us
LBM_allocateGrid: allocated 185.2 MByte
LBM_showGridStatistics:
	nObstacleCells:   99248 nAccelCells:   26912 nFluidCells: 2033840
	minRho:   0.9901 maxRho:   1.0101 mass: 2.160000e+06
	minU: 0.000000e+00 maxU: 7.938424e-03

Kernel    : 0.001835
Copy      : 0.100003
Driver    : 0.001834
Compute   : 0.607758
CPU/Kernel Overlap: 0.001835
Timer Wall Time: 0.709648
