experiments/cluster_sweep/xz4_debug.cuh:10: void xz4_debug::enter(cooperative_groups::cluster_group): block: [6,2,1], thread: [192,0,0] Assertion `d.x==2&&d.y==1&&d.z==2` failed.
experiments/cluster_sweep/xz4_debug.cuh:10: void xz4_debug::enter(cooperative_groups::cluster_group): block: [6,2,1], thread: [193,0,0] Assertion `d.x==2&&d.y==1&&d.z==2` failed.
experiments/cluster_sweep/xz4_debug.cuh:10: void xz4_debug::enter(cooperative_groups::cluster_group): block: [6,2,1], thread: [194,0,0] Assertion `d.x==2&&d.y==1&&d.z==2` failed.
experiments/cluster_sweep/xz4_debug.cuh:10: void xz4_debug::enter(cooperative_groups::cluster_group): block: [6,2,1], thread: [195,0,0] Assertion `d.x==2&&d.y==1&&d.z==2` failed.
experiments/cluster_sweep/xz4_debug.cuh:10: void xz4_debug::enter(cooperative_groups::cluster_group): block: [6,2,1], thread: [196,0,0] Assertion `d.x==2&&d.y==1&&d.z==2` failed.
experiments/cluster_sweep/xz4_debug.cuh:10: void xz4_debug::enter(cooperative_groups::cluster_group): block: [6,2,1], thread: [197,0,0] Assertion `d.x==2&&d.y==1&&d.z==2` failed.
experiments/cluster_sweep/xz4_debug.cuh:10: void xz4_debug::enter(cooperative_groups::cluster_group): block: [6,2,1], thread: [198,0,0] Assertion `d.x==2&&d.y==1&&d.z==2` failed.
experiments/cluster_sweep/xz4_debug.cuh:10: void xz4_debug::enter(cooperative_groups::cluster_group): block: [6,2,1], thread: [199,0,0] Assertion `d.x==2&&d.y==1&&d.z==2` failed.
experiments/cluster_sweep/xz4_debug.cuh:10: void xz4_debug::enter(cooperative_groups::cluster_group): block: [6,2,1], thread: [200,0,0] Assertion `d.x==2&&d.y==1&&d.z==2` failed.
experiments/cluster_sweep/xz4_debug.cuh:10: void xz4_debug::enter(cooperative_groups::cluster_group): block: [6,2,1], thread: [201,0,0] Assertion `d.x==2&&d.y==1&&d.z==2` failed.
experiments/cluster_sweep/xz4_debug.cuh:10: void xz4_debug::enter(cooperative_groups::cluster_group): block: [6,2,1], thread: [202,0,0] Assertion `d.x==2&&d.y==1&&d.z==2` failed.
experiments/cluster_sweep/xz4_debug.cuh:10: void xz4_debug::enter(cooperative_groups::cluster_group): block: [6,2,1], thread: [203,0,0] Assertion `d.x==2&&d.y==1&&d.z==2` failed.
experiments/cluster_sweep/xz4_debug.cuh:10: void xz4_debug::enter(cooperative_groups::cluster_group): block: [6,2,1], thread: [204,0,0] Assertion `d.x==2&&d.y==1&&d.z==2` failed.
experiments/cluster_sweep/xz4_debug.cuh:10: void xz4_debug::enter(cooperative_groups::cluster_group): block: [6,2,1], thread: [205,0,0] Assertion `d.x==2&&d.y==1&&d.z==2` failed.
experiments/cluster_sweep/xz4_debug.cuh:10: void xz4_debug::enter(cooperative_groups::cluster_group): block: [6,2,1], thread: [206,0,0] Assertion `d.x==2&&d.y==1&&d.z==2` failed.
experiments/cluster_sweep/xz4_debug.cuh:10: void xz4_debug::enter(cooperative_groups::cluster_group): block: [6,2,1], thread: [207,0,0] Assertion `d.x==2&&d.y==1&&d.z==2` failed.
experiments/cluster_sweep/xz4_debug.cuh:10: void xz4_debug::enter(cooperative_groups::cluster_group): block: [6,2,1], thread: [208,0,0] Assertion `d.x==2&&d.y==1&&d.z==2` failed.
experiments/cluster_sweep/xz4_debug.cuh:10: void xz4_debug::enter(cooperative_groups::cluster_group): block: [6,2,1], thread: [209,0,0] Assertion `d.x==2&&d.y==1&&d.z==2` failed.
experiments/cluster_sweep/xz4_debug.cuh:10: void xz4_debug::enter(cooperative_groups::cluster_group): block: [6,2,1], thread: [210,0,0] Assertion `d.x==2&&d.y==1&&d.z==2` failed.
experiments/cluster_sweep/xz4_debug.cuh:10: void xz4_debug::enter(cooperative_groups::cluster_group): block: [6,2,1], thread: [211,0,0] Assertion `d.x==2&&d.y==1&&d.z==2` failed.
experiments/cluster_sweep/xz4_debug.cuh:10: void xz4_debug::enter(cooperative_groups::cluster_group): block: [6,2,1], thread: [212,0,0] Assertion `d.x==2&&d.y==1&&d.z==2` failed.
experiments/cluster_sweep/xz4_debug.cuh:10: void xz4_debug::enter(cooperative_groups::cluster_group): block: [6,2,1], thread: [213,0,0] Assertion `d.x==2&&d.y==1&&d.z==2` failed.
experiments/cluster_sweep/xz4_debug.cuh:10: void xz4_debug::enter(cooperative_groups::cluster_group): block: [6,2,1], thread: [214,0,0] Assertion `d.x==2&&d.y==1&&d.z==2` failed.
experiments/cluster_sweep/xz4_debug.cuh:10: void xz4_debug::enter(cooperative_groups::cluster_group): block: [6,2,1], thread: [215,0,0] Assertion `d.x==2&&d.y==1&&d.z==2` failed.
experiments/cluster_sweep/xz4_debug.cuh:10: void xz4_debug::enter(cooperative_groups::cluster_group): block: [6,2,1], thread: [216,0,0] Assertion `d.x==2&&d.y==1&&d.z==2` failed.
experiments/cluster_sweep/xz4_debug.cuh:10: void xz4_debug::enter(cooperative_groups::cluster_group): block: [6,2,1], thread: [217,0,0] Assertion `d.x==2&&d.y==1&&d.z==2` failed.
experiments/cluster_sweep/xz4_debug.cuh:10: void xz4_debug::enter(cooperative_groups::cluster_group): block: [6,2,1], thread: [218,0,0] Assertion `d.x==2&&d.y==1&&d.z==2` failed.
experiments/cluster_sweep/xz4_debug.cuh:10: void xz4_debug::enter(cooperative_groups::cluster_group): block: [6,2,1], thread: [219,0,0] Assertion `d.x==2&&d.y==1&&d.z==2` failed.
experiments/cluster_sweep/xz4_debug.cuh:10: void xz4_debug::enter(cooperative_groups::cluster_group): block: [6,2,1], thread: [220,0,0] Assertion `d.x==2&&d.y==1&&d.z==2` failed.
experiments/cluster_sweep/xz4_debug.cuh:10: void xz4_debug::enter(cooperative_groups::cluster_group): block: [6,2,1], thread: [221,0,0] Assertion `d.x==2&&d.y==1&&d.z==2` failed.
experiments/cluster_sweep/xz4_debug.cuh:10: void xz4_debug::enter(cooperative_groups::cluster_group): block: [6,2,1], thread: [222,0,0] Assertion `d.x==2&&d.y==1&&d.z==2` failed.
experiments/cluster_sweep/xz4_debug.cuh:10: void xz4_debug::enter(cooperative_groups::cluster_group): block: [6,2,1], thread: [223,0,0] Assertion `d.x==2&&d.y==1&&d.z==2` failed.
DEVICE name=NVIDIA GeForce RTX 5090 cc=12.0 sms=170
RESOURCE name=D-V3-XZ4-LoadBalancing threads=256 registers=86 static_shared=0 dynamic_shared=38912 local_bytes=0 active_blocks_per_sm=2 grid=8x15x38 block=256x1x1 steps_per_launch=2 theoretical_occupancy_pct=33.333333
CLUSTER runtime_cluster=1 dim=2x1x2 size=4 policy=LoadBalancing active_clusters_device=85 potential_cluster_size=8
EXPECTED_ASSERT status=device-side assert triggered
