experiments/cluster_sweep/xz4_debug.cuh:11: void xz4_debug::enter(cooperative_groups::cluster_group): block: [0,5,2], thread: [0,0,0] Assertion `blockDim.x==256&&blockDim.y==1&&blockDim.z==1` failed.
experiments/cluster_sweep/xz4_debug.cuh:11: void xz4_debug::enter(cooperative_groups::cluster_group): block: [0,5,2], thread: [1,0,0] Assertion `blockDim.x==256&&blockDim.y==1&&blockDim.z==1` failed.
experiments/cluster_sweep/xz4_debug.cuh:11: void xz4_debug::enter(cooperative_groups::cluster_group): block: [0,5,2], thread: [2,0,0] Assertion `blockDim.x==256&&blockDim.y==1&&blockDim.z==1` failed.
experiments/cluster_sweep/xz4_debug.cuh:11: void xz4_debug::enter(cooperative_groups::cluster_group): block: [0,5,2], thread: [3,0,0] Assertion `blockDim.x==256&&blockDim.y==1&&blockDim.z==1` failed.
experiments/cluster_sweep/xz4_debug.cuh:11: void xz4_debug::enter(cooperative_groups::cluster_group): block: [0,5,2], thread: [4,0,0] Assertion `blockDim.x==256&&blockDim.y==1&&blockDim.z==1` failed.
experiments/cluster_sweep/xz4_debug.cuh:11: void xz4_debug::enter(cooperative_groups::cluster_group): block: [0,5,2], thread: [5,0,0] Assertion `blockDim.x==256&&blockDim.y==1&&blockDim.z==1` failed.
experiments/cluster_sweep/xz4_debug.cuh:11: void xz4_debug::enter(cooperative_groups::cluster_group): block: [0,5,2], thread: [6,0,0] Assertion `blockDim.x==256&&blockDim.y==1&&blockDim.z==1` failed.
experiments/cluster_sweep/xz4_debug.cuh:11: void xz4_debug::enter(cooperative_groups::cluster_group): block: [0,5,2], thread: [7,0,0] Assertion `blockDim.x==256&&blockDim.y==1&&blockDim.z==1` failed.
experiments/cluster_sweep/xz4_debug.cuh:11: void xz4_debug::enter(cooperative_groups::cluster_group): block: [0,5,2], thread: [8,0,0] Assertion `blockDim.x==256&&blockDim.y==1&&blockDim.z==1` failed.
experiments/cluster_sweep/xz4_debug.cuh:11: void xz4_debug::enter(cooperative_groups::cluster_group): block: [0,5,2], thread: [9,0,0] Assertion `blockDim.x==256&&blockDim.y==1&&blockDim.z==1` failed.
experiments/cluster_sweep/xz4_debug.cuh:11: void xz4_debug::enter(cooperative_groups::cluster_group): block: [0,5,2], thread: [10,0,0] Assertion `blockDim.x==256&&blockDim.y==1&&blockDim.z==1` failed.
experiments/cluster_sweep/xz4_debug.cuh:11: void xz4_debug::enter(cooperative_groups::cluster_group): block: [0,5,2], thread: [11,0,0] Assertion `blockDim.x==256&&blockDim.y==1&&blockDim.z==1` failed.
experiments/cluster_sweep/xz4_debug.cuh:11: void xz4_debug::enter(cooperative_groups::cluster_group): block: [0,5,2], thread: [12,0,0] Assertion `blockDim.x==256&&blockDim.y==1&&blockDim.z==1` failed.
experiments/cluster_sweep/xz4_debug.cuh:11: void xz4_debug::enter(cooperative_groups::cluster_group): block: [0,5,2], thread: [13,0,0] Assertion `blockDim.x==256&&blockDim.y==1&&blockDim.z==1` failed.
experiments/cluster_sweep/xz4_debug.cuh:11: void xz4_debug::enter(cooperative_groups::cluster_group): block: [0,5,2], thread: [14,0,0] Assertion `blockDim.x==256&&blockDim.y==1&&blockDim.z==1` failed.
experiments/cluster_sweep/xz4_debug.cuh:11: void xz4_debug::enter(cooperative_groups::cluster_group): block: [0,5,2], thread: [15,0,0] Assertion `blockDim.x==256&&blockDim.y==1&&blockDim.z==1` failed.
experiments/cluster_sweep/xz4_debug.cuh:11: void xz4_debug::enter(cooperative_groups::cluster_group): block: [0,5,2], thread: [16,0,0] Assertion `blockDim.x==256&&blockDim.y==1&&blockDim.z==1` failed.
experiments/cluster_sweep/xz4_debug.cuh:11: void xz4_debug::enter(cooperative_groups::cluster_group): block: [0,5,2], thread: [17,0,0] Assertion `blockDim.x==256&&blockDim.y==1&&blockDim.z==1` failed.
experiments/cluster_sweep/xz4_debug.cuh:11: void xz4_debug::enter(cooperative_groups::cluster_group): block: [0,5,2], thread: [18,0,0] Assertion `blockDim.x==256&&blockDim.y==1&&blockDim.z==1` failed.
experiments/cluster_sweep/xz4_debug.cuh:11: void xz4_debug::enter(cooperative_groups::cluster_group): block: [0,5,2], thread: [19,0,0] Assertion `blockDim.x==256&&blockDim.y==1&&blockDim.z==1` failed.
experiments/cluster_sweep/xz4_debug.cuh:11: void xz4_debug::enter(cooperative_groups::cluster_group): block: [0,5,2], thread: [20,0,0] Assertion `blockDim.x==256&&blockDim.y==1&&blockDim.z==1` failed.
experiments/cluster_sweep/xz4_debug.cuh:11: void xz4_debug::enter(cooperative_groups::cluster_group): block: [0,5,2], thread: [21,0,0] Assertion `blockDim.x==256&&blockDim.y==1&&blockDim.z==1` failed.
experiments/cluster_sweep/xz4_debug.cuh:11: void xz4_debug::enter(cooperative_groups::cluster_group): block: [0,5,2], thread: [22,0,0] Assertion `blockDim.x==256&&blockDim.y==1&&blockDim.z==1` failed.
experiments/cluster_sweep/xz4_debug.cuh:11: void xz4_debug::enter(cooperative_groups::cluster_group): block: [0,5,2], thread: [23,0,0] Assertion `blockDim.x==256&&blockDim.y==1&&blockDim.z==1` failed.
experiments/cluster_sweep/xz4_debug.cuh:11: void xz4_debug::enter(cooperative_groups::cluster_group): block: [0,5,2], thread: [24,0,0] Assertion `blockDim.x==256&&blockDim.y==1&&blockDim.z==1` failed.
experiments/cluster_sweep/xz4_debug.cuh:11: void xz4_debug::enter(cooperative_groups::cluster_group): block: [0,5,2], thread: [25,0,0] Assertion `blockDim.x==256&&blockDim.y==1&&blockDim.z==1` failed.
experiments/cluster_sweep/xz4_debug.cuh:11: void xz4_debug::enter(cooperative_groups::cluster_group): block: [0,5,2], thread: [26,0,0] Assertion `blockDim.x==256&&blockDim.y==1&&blockDim.z==1` failed.
experiments/cluster_sweep/xz4_debug.cuh:11: void xz4_debug::enter(cooperative_groups::cluster_group): block: [0,5,2], thread: [27,0,0] Assertion `blockDim.x==256&&blockDim.y==1&&blockDim.z==1` failed.
experiments/cluster_sweep/xz4_debug.cuh:11: void xz4_debug::enter(cooperative_groups::cluster_group): block: [0,5,2], thread: [28,0,0] Assertion `blockDim.x==256&&blockDim.y==1&&blockDim.z==1` failed.
experiments/cluster_sweep/xz4_debug.cuh:11: void xz4_debug::enter(cooperative_groups::cluster_group): block: [0,5,2], thread: [29,0,0] Assertion `blockDim.x==256&&blockDim.y==1&&blockDim.z==1` failed.
experiments/cluster_sweep/xz4_debug.cuh:11: void xz4_debug::enter(cooperative_groups::cluster_group): block: [0,5,2], thread: [30,0,0] Assertion `blockDim.x==256&&blockDim.y==1&&blockDim.z==1` failed.
experiments/cluster_sweep/xz4_debug.cuh:11: void xz4_debug::enter(cooperative_groups::cluster_group): block: [0,5,2], thread: [31,0,0] Assertion `blockDim.x==256&&blockDim.y==1&&blockDim.z==1` failed.
experiments/cluster_sweep/xz4_debug.cuh:11: void xz4_debug::enter(cooperative_groups::cluster_group): block: [5,12,1], thread: [64,0,0] Assertion `blockDim.x==256&&blockDim.y==1&&blockDim.z==1` failed.
experiments/cluster_sweep/xz4_debug.cuh:11: void xz4_debug::enter(cooperative_groups::cluster_group): block: [5,12,1], thread: [65,0,0] Assertion `blockDim.x==256&&blockDim.y==1&&blockDim.z==1` failed.
experiments/cluster_sweep/xz4_debug.cuh:11: void xz4_debug::enter(cooperative_groups::cluster_group): block: [5,12,1], thread: [66,0,0] Assertion `blockDim.x==256&&blockDim.y==1&&blockDim.z==1` failed.
experiments/cluster_sweep/xz4_debug.cuh:11: void xz4_debug::enter(cooperative_groups::cluster_group): block: [5,12,1], thread: [67,0,0] Assertion `blockDim.x==256&&blockDim.y==1&&blockDim.z==1` failed.
experiments/cluster_sweep/xz4_debug.cuh:11: void xz4_debug::enter(cooperative_groups::cluster_group): block: [5,12,1], thread: [68,0,0] Assertion `blockDim.x==256&&blockDim.y==1&&blockDim.z==1` failed.
experiments/cluster_sweep/xz4_debug.cuh:11: void xz4_debug::enter(cooperative_groups::cluster_group): block: [5,12,1], thread: [69,0,0] Assertion `blockDim.x==256&&blockDim.y==1&&blockDim.z==1` failed.
experiments/cluster_sweep/xz4_debug.cuh:11: void xz4_debug::enter(cooperative_groups::cluster_group): block: [5,12,1], thread: [70,0,0] Assertion `blockDim.x==256&&blockDim.y==1&&blockDim.z==1` failed.
experiments/cluster_sweep/xz4_debug.cuh:11: void xz4_debug::enter(cooperative_groups::cluster_group): block: [5,12,1], thread: [71,0,0] Assertion `blockDim.x==256&&blockDim.y==1&&blockDim.z==1` failed.
experiments/cluster_sweep/xz4_debug.cuh:11: void xz4_debug::enter(cooperative_groups::cluster_group): block: [5,12,1], thread: [72,0,0] Assertion `blockDim.x==256&&blockDim.y==1&&blockDim.z==1` failed.
experiments/cluster_sweep/xz4_debug.cuh:11: void xz4_debug::enter(cooperative_groups::cluster_group): block: [5,12,1], thread: [73,0,0] Assertion `blockDim.x==256&&blockDim.y==1&&blockDim.z==1` failed.
experiments/cluster_sweep/xz4_debug.cuh:11: void xz4_debug::enter(cooperative_groups::cluster_group): block: [5,12,1], thread: [74,0,0] Assertion `blockDim.x==256&&blockDim.y==1&&blockDim.z==1` failed.
experiments/cluster_sweep/xz4_debug.cuh:11: void xz4_debug::enter(cooperative_groups::cluster_group): block: [5,12,1], thread: [75,0,0] Assertion `blockDim.x==256&&blockDim.y==1&&blockDim.z==1` failed.
experiments/cluster_sweep/xz4_debug.cuh:11: void xz4_debug::enter(cooperative_groups::cluster_group): block: [5,12,1], thread: [76,0,0] Assertion `blockDim.x==256&&blockDim.y==1&&blockDim.z==1` failed.
experiments/cluster_sweep/xz4_debug.cuh:11: void xz4_debug::enter(cooperative_groups::cluster_group): block: [5,12,1], thread: [77,0,0] Assertion `blockDim.x==256&&blockDim.y==1&&blockDim.z==1` failed.
experiments/cluster_sweep/xz4_debug.cuh:11: void xz4_debug::enter(cooperative_groups::cluster_group): block: [5,12,1], thread: [78,0,0] Assertion `blockDim.x==256&&blockDim.y==1&&blockDim.z==1` failed.
experiments/cluster_sweep/xz4_debug.cuh:11: void xz4_debug::enter(cooperative_groups::cluster_group): block: [5,12,1], thread: [79,0,0] Assertion `blockDim.x==256&&blockDim.y==1&&blockDim.z==1` failed.
experiments/cluster_sweep/xz4_debug.cuh:11: void xz4_debug::enter(cooperative_groups::cluster_group): block: [5,12,1], thread: [80,0,0] Assertion `blockDim.x==256&&blockDim.y==1&&blockDim.z==1` failed.
experiments/cluster_sweep/xz4_debug.cuh:11: void xz4_debug::enter(cooperative_groups::cluster_group): block: [5,12,1], thread: [81,0,0] Assertion `blockDim.x==256&&blockDim.y==1&&blockDim.z==1` failed.
experiments/cluster_sweep/xz4_debug.cuh:11: void xz4_debug::enter(cooperative_groups::cluster_group): block: [5,12,1], thread: [82,0,0] Assertion `blockDim.x==256&&blockDim.y==1&&blockDim.z==1` failed.
experiments/cluster_sweep/xz4_debug.cuh:11: void xz4_debug::enter(cooperative_groups::cluster_group): block: [5,12,1], thread: [83,0,0] Assertion `blockDim.x==256&&blockDim.y==1&&blockDim.z==1` failed.
experiments/cluster_sweep/xz4_debug.cuh:11: void xz4_debug::enter(cooperative_groups::cluster_group): block: [5,12,1], thread: [84,0,0] Assertion `blockDim.x==256&&blockDim.y==1&&blockDim.z==1` failed.
experiments/cluster_sweep/xz4_debug.cuh:11: void xz4_debug::enter(cooperative_groups::cluster_group): block: [5,12,1], thread: [85,0,0] Assertion `blockDim.x==256&&blockDim.y==1&&blockDim.z==1` failed.
experiments/cluster_sweep/xz4_debug.cuh:11: void xz4_debug::enter(cooperative_groups::cluster_group): block: [5,12,1], thread: [86,0,0] Assertion `blockDim.x==256&&blockDim.y==1&&blockDim.z==1` failed.
experiments/cluster_sweep/xz4_debug.cuh:11: void xz4_debug::enter(cooperative_groups::cluster_group): block: [5,12,1], thread: [87,0,0] Assertion `blockDim.x==256&&blockDim.y==1&&blockDim.z==1` failed.
experiments/cluster_sweep/xz4_debug.cuh:11: void xz4_debug::enter(cooperative_groups::cluster_group): block: [5,12,1], thread: [88,0,0] Assertion `blockDim.x==256&&blockDim.y==1&&blockDim.z==1` failed.
experiments/cluster_sweep/xz4_debug.cuh:11: void xz4_debug::enter(cooperative_groups::cluster_group): block: [5,12,1], thread: [89,0,0] Assertion `blockDim.x==256&&blockDim.y==1&&blockDim.z==1` failed.
experiments/cluster_sweep/xz4_debug.cuh:11: void xz4_debug::enter(cooperative_groups::cluster_group): block: [5,12,1], thread: [90,0,0] Assertion `blockDim.x==256&&blockDim.y==1&&blockDim.z==1` failed.
experiments/cluster_sweep/xz4_debug.cuh:11: void xz4_debug::enter(cooperative_groups::cluster_group): block: [5,12,1], thread: [91,0,0] Assertion `blockDim.x==256&&blockDim.y==1&&blockDim.z==1` failed.
experiments/cluster_sweep/xz4_debug.cuh:11: void xz4_debug::enter(cooperative_groups::cluster_group): block: [5,12,1], thread: [92,0,0] Assertion `blockDim.x==256&&blockDim.y==1&&blockDim.z==1` failed.
experiments/cluster_sweep/xz4_debug.cuh:11: void xz4_debug::enter(cooperative_groups::cluster_group): block: [5,12,1], thread: [93,0,0] Assertion `blockDim.x==256&&blockDim.y==1&&blockDim.z==1` failed.
experiments/cluster_sweep/xz4_debug.cuh:11: void xz4_debug::enter(cooperative_groups::cluster_group): block: [5,12,1], thread: [94,0,0] Assertion `blockDim.x==256&&blockDim.y==1&&blockDim.z==1` failed.
experiments/cluster_sweep/xz4_debug.cuh:11: void xz4_debug::enter(cooperative_groups::cluster_group): block: [5,12,1], thread: [95,0,0] Assertion `blockDim.x==256&&blockDim.y==1&&blockDim.z==1` failed.
experiments/cluster_sweep/xz4_debug.cuh:11: void xz4_debug::enter(cooperative_groups::cluster_group): block: [1,7,0], thread: [32,0,0] Assertion `blockDim.x==256&&blockDim.y==1&&blockDim.z==1` failed.
experiments/cluster_sweep/xz4_debug.cuh:11: void xz4_debug::enter(cooperative_groups::cluster_group): block: [1,7,0], thread: [33,0,0] Assertion `blockDim.x==256&&blockDim.y==1&&blockDim.z==1` failed.
experiments/cluster_sweep/xz4_debug.cuh:11: void xz4_debug::enter(cooperative_groups::cluster_group): block: [1,7,0], thread: [34,0,0] Assertion `blockDim.x==256&&blockDim.y==1&&blockDim.z==1` failed.
experiments/cluster_sweep/xz4_debug.cuh:11: void xz4_debug::enter(cooperative_groups::cluster_group): block: [1,7,0], thread: [35,0,0] Assertion `blockDim.x==256&&blockDim.y==1&&blockDim.z==1` failed.
experiments/cluster_sweep/xz4_debug.cuh:11: void xz4_debug::enter(cooperative_groups::cluster_group): block: [1,7,0], thread: [36,0,0] Assertion `blockDim.x==256&&blockDim.y==1&&blockDim.z==1` failed.
experiments/cluster_sweep/xz4_debug.cuh:11: void xz4_debug::enter(cooperative_groups::cluster_group): block: [1,7,0], thread: [37,0,0] Assertion `blockDim.x==256&&blockDim.y==1&&blockDim.z==1` failed.
experiments/cluster_sweep/xz4_debug.cuh:11: void xz4_debug::enter(cooperative_groups::cluster_group): block: [1,7,0], thread: [38,0,0] Assertion `blockDim.x==256&&blockDim.y==1&&blockDim.z==1` failed.
experiments/cluster_sweep/xz4_debug.cuh:11: void xz4_debug::enter(cooperative_groups::cluster_group): block: [1,7,0], thread: [39,0,0] Assertion `blockDim.x==256&&blockDim.y==1&&blockDim.z==1` failed.
experiments/cluster_sweep/xz4_debug.cuh:11: void xz4_debug::enter(cooperative_groups::cluster_group): block: [1,7,0], thread: [40,0,0] Assertion `blockDim.x==256&&blockDim.y==1&&blockDim.z==1` failed.
experiments/cluster_sweep/xz4_debug.cuh:11: void xz4_debug::enter(cooperative_groups::cluster_group): block: [1,7,0], thread: [41,0,0] Assertion `blockDim.x==256&&blockDim.y==1&&blockDim.z==1` failed.
experiments/cluster_sweep/xz4_debug.cuh:11: void xz4_debug::enter(cooperative_groups::cluster_group): block: [1,7,0], thread: [42,0,0] Assertion `blockDim.x==256&&blockDim.y==1&&blockDim.z==1` failed.
experiments/cluster_sweep/xz4_debug.cuh:11: void xz4_debug::enter(cooperative_groups::cluster_group): block: [1,7,0], thread: [43,0,0] Assertion `blockDim.x==256&&blockDim.y==1&&blockDim.z==1` failed.
experiments/cluster_sweep/xz4_debug.cuh:11: void xz4_debug::enter(cooperative_groups::cluster_group): block: [1,7,0], thread: [44,0,0] Assertion `blockDim.x==256&&blockDim.y==1&&blockDim.z==1` failed.
experiments/cluster_sweep/xz4_debug.cuh:11: void xz4_debug::enter(cooperative_groups::cluster_group): block: [1,7,0], thread: [45,0,0] Assertion `blockDim.x==256&&blockDim.y==1&&blockDim.z==1` failed.
experiments/cluster_sweep/xz4_debug.cuh:11: void xz4_debug::enter(cooperative_groups::cluster_group): block: [1,7,0], thread: [46,0,0] Assertion `blockDim.x==256&&blockDim.y==1&&blockDim.z==1` failed.
experiments/cluster_sweep/xz4_debug.cuh:11: void xz4_debug::enter(cooperative_groups::cluster_group): block: [1,7,0], thread: [47,0,0] Assertion `blockDim.x==256&&blockDim.y==1&&blockDim.z==1` failed.
experiments/cluster_sweep/xz4_debug.cuh:11: void xz4_debug::enter(cooperative_groups::cluster_group): block: [1,7,0], thread: [48,0,0] Assertion `blockDim.x==256&&blockDim.y==1&&blockDim.z==1` failed.
experiments/cluster_sweep/xz4_debug.cuh:11: void xz4_debug::enter(cooperative_groups::cluster_group): block: [1,7,0], thread: [49,0,0] Assertion `blockDim.x==256&&blockDim.y==1&&blockDim.z==1` failed.
experiments/cluster_sweep/xz4_debug.cuh:11: void xz4_debug::enter(cooperative_groups::cluster_group): block: [1,7,0], thread: [50,0,0] Assertion `blockDim.x==256&&blockDim.y==1&&blockDim.z==1` failed.
experiments/cluster_sweep/xz4_debug.cuh:11: void xz4_debug::enter(cooperative_groups::cluster_group): block: [1,7,0], thread: [51,0,0] Assertion `blockDim.x==256&&blockDim.y==1&&blockDim.z==1` failed.
experiments/cluster_sweep/xz4_debug.cuh:11: void xz4_debug::enter(cooperative_groups::cluster_group): block: [1,7,0], thread: [52,0,0] Assertion `blockDim.x==256&&blockDim.y==1&&blockDim.z==1` failed.
experiments/cluster_sweep/xz4_debug.cuh:11: void xz4_debug::enter(cooperative_groups::cluster_group): block: [1,7,0], thread: [53,0,0] Assertion `blockDim.x==256&&blockDim.y==1&&blockDim.z==1` failed.
experiments/cluster_sweep/xz4_debug.cuh:11: void xz4_debug::enter(cooperative_groups::cluster_group): block: [1,7,0], thread: [54,0,0] Assertion `blockDim.x==256&&blockDim.y==1&&blockDim.z==1` failed.
experiments/cluster_sweep/xz4_debug.cuh:11: void xz4_debug::enter(cooperative_groups::cluster_group): block: [1,7,0], thread: [55,0,0] Assertion `blockDim.x==256&&blockDim.y==1&&blockDim.z==1` failed.
experiments/cluster_sweep/xz4_debug.cuh:11: void xz4_debug::enter(cooperative_groups::cluster_group): block: [1,7,0], thread: [56,0,0] Assertion `blockDim.x==256&&blockDim.y==1&&blockDim.z==1` failed.
experiments/cluster_sweep/xz4_debug.cuh:11: void xz4_debug::enter(cooperative_groups::cluster_group): block: [1,7,0], thread: [57,0,0] Assertion `blockDim.x==256&&blockDim.y==1&&blockDim.z==1` failed.
experiments/cluster_sweep/xz4_debug.cuh:11: void xz4_debug::enter(cooperative_groups::cluster_group): block: [1,7,0], thread: [58,0,0] Assertion `blockDim.x==256&&blockDim.y==1&&blockDim.z==1` failed.
experiments/cluster_sweep/xz4_debug.cuh:11: void xz4_debug::enter(cooperative_groups::cluster_group): block: [1,7,0], thread: [59,0,0] Assertion `blockDim.x==256&&blockDim.y==1&&blockDim.z==1` failed.
experiments/cluster_sweep/xz4_debug.cuh:11: void xz4_debug::enter(cooperative_groups::cluster_group): block: [1,7,0], thread: [60,0,0] Assertion `blockDim.x==256&&blockDim.y==1&&blockDim.z==1` failed.
experiments/cluster_sweep/xz4_debug.cuh:11: void xz4_debug::enter(cooperative_groups::cluster_group): block: [1,7,0], thread: [61,0,0] Assertion `blockDim.x==256&&blockDim.y==1&&blockDim.z==1` failed.
experiments/cluster_sweep/xz4_debug.cuh:11: void xz4_debug::enter(cooperative_groups::cluster_group): block: [1,7,0], thread: [62,0,0] Assertion `blockDim.x==256&&blockDim.y==1&&blockDim.z==1` failed.
experiments/cluster_sweep/xz4_debug.cuh:11: void xz4_debug::enter(cooperative_groups::cluster_group): block: [1,7,0], thread: [63,0,0] Assertion `blockDim.x==256&&blockDim.y==1&&blockDim.z==1` failed.
DEVICE name=NVIDIA GeForce RTX 5090 cc=12.0 sms=170
RESOURCE name=D-V3-XZ4-LoadBalancing threads=256 registers=86 static_shared=0 dynamic_shared=38912 local_bytes=0 active_blocks_per_sm=2 grid=8x15x38 block=256x1x1 steps_per_launch=2 theoretical_occupancy_pct=33.333333
CLUSTER runtime_cluster=1 dim=2x1x2 size=4 policy=LoadBalancing active_clusters_device=85 potential_cluster_size=8
EXPECTED_ASSERT status=device-side assert triggered
