DEVICE name=NVIDIA GeForce RTX 5090 cc=12.0 sms=170
RESOURCE name=D-C1-XZ4-LoadBalancing threads=256 registers=56 static_shared=0 dynamic_shared=38912 local_bytes=0 active_blocks_per_sm=2 grid=8x15x38 block=256x1x1 steps_per_launch=2 theoretical_occupancy_pct=33.333333
CLUSTER runtime_cluster=1 dim=2x1x2 size=4 policy=LoadBalancing active_clusters_device=85 potential_cluster_size=8
LBM_allocateGrid: allocated 185.2 MByte
TRIAL 0 us_per_step=145.162429810
TRIAL 1 us_per_step=145.152069092
TRIAL 2 us_per_step=145.217117310
TRIAL 3 us_per_step=145.165496826
TRIAL 4 us_per_step=145.174591064
TRIAL 5 us_per_step=145.159362793
TRIAL 6 us_per_step=145.189025879
TRIAL 7 us_per_step=145.203430176
TRIAL 8 us_per_step=145.129669189
TRIAL 9 us_per_step=145.155258179
TRIAL 10 us_per_step=145.200286865
TRIAL 11 us_per_step=145.150146484
TRIAL 12 us_per_step=145.146972656
TRIAL 13 us_per_step=145.406631470
TRIAL 14 us_per_step=145.205764771
TRIAL 15 us_per_step=145.179809570
TRIAL 16 us_per_step=145.174530029
TRIAL 17 us_per_step=145.182342529
TRIAL 18 us_per_step=145.197540283
TRIAL 19 us_per_step=145.166488647
BENCH mode=D-C1-XZ4-LoadBalancing warmups=5 trials=20 steps=1000 launches=500 median_us=145.174560547 min_us=145.129669189 p90_us=145.205764771 mlups=14878.639837884 equivalent_population_TB_s=2.261553255
