DEVICE name=NVIDIA GeForce RTX 5090 cc=12.0 sms=170
RESOURCE name=D-V2-256 threads=256 registers=56 static_shared=0 dynamic_shared=38912 local_bytes=0 active_blocks_per_sm=2 grid=8x15x38 block=256x1x1 steps_per_launch=2 theoretical_occupancy_pct=33.333333
CLUSTER runtime_cluster=0 dim=0x0x0 size=0 policy=None active_clusters_device=340 potential_cluster_size=8
LBM_allocateGrid: allocated 185.2 MByte
TRIAL 0 us_per_step=136.886459351
TRIAL 1 us_per_step=136.517852783
TRIAL 2 us_per_step=136.558715820
TRIAL 3 us_per_step=136.507934570
TRIAL 4 us_per_step=136.544448853
TRIAL 5 us_per_step=136.535263062
TRIAL 6 us_per_step=136.556732178
TRIAL 7 us_per_step=136.555648804
TRIAL 8 us_per_step=136.541351318
TRIAL 9 us_per_step=136.544418335
TRIAL 10 us_per_step=136.557754517
TRIAL 11 us_per_step=136.556167603
TRIAL 12 us_per_step=136.515716553
TRIAL 13 us_per_step=136.561828613
TRIAL 14 us_per_step=136.549560547
TRIAL 15 us_per_step=136.502456665
TRIAL 16 us_per_step=136.570022583
TRIAL 17 us_per_step=136.550598145
TRIAL 18 us_per_step=136.539260864
TRIAL 19 us_per_step=136.585403442
BENCH mode=D-V2-256 warmups=5 trials=20 steps=1000 launches=500 median_us=136.550079346 min_us=136.502456665 p90_us=136.570022583 mlups=15818.372353571 equivalent_population_TB_s=2.404392598
