DEVICE name=NVIDIA GeForce RTX 5090 cc=12.0 sms=170
RESOURCE name=D-V2-256 threads=256 registers=56 static_shared=0 dynamic_shared=38912 local_bytes=0 active_blocks_per_sm=2 grid=8x15x38 block=256x1x1 steps_per_launch=2 theoretical_occupancy_pct=33.333333
CLUSTER runtime_cluster=0 dim=0x0x0 size=0 policy=None active_clusters_device=340 potential_cluster_size=8
LBM_allocateGrid: allocated 185.2 MByte
TRIAL 0 us_per_step=136.591682434
TRIAL 1 us_per_step=136.344957352
TRIAL 2 us_per_step=136.542081833
TRIAL 3 us_per_step=136.480636597
TRIAL 4 us_per_step=136.644477844
TRIAL 5 us_per_step=136.572475433
TRIAL 6 us_per_step=136.459836960
TRIAL 7 us_per_step=136.593599319
TRIAL 8 us_per_step=136.613759995
TRIAL 9 us_per_step=136.447677612
TRIAL 10 us_per_step=136.591358185
TRIAL 11 us_per_step=136.521921158
TRIAL 12 us_per_step=136.490564346
TRIAL 13 us_per_step=136.510076523
TRIAL 14 us_per_step=136.551361084
TRIAL 15 us_per_step=136.695680618
TRIAL 16 us_per_step=136.583356857
TRIAL 17 us_per_step=136.552000046
TRIAL 18 us_per_step=136.448316574
TRIAL 19 us_per_step=136.560964584
BENCH mode=D-V2-256 warmups=5 trials=20 steps=100 launches=50 median_us=136.551680565 min_us=136.344957352 p90_us=136.613759995 mlups=15818.186865695 equivalent_population_TB_s=2.404364404
