DEVICE name=NVIDIA GeForce RTX 5090 cc=12.0 sms=170
RESOURCE name=D-V3-Z2-LoadBalancing threads=256 registers=64 static_shared=0 dynamic_shared=38912 local_bytes=0 active_blocks_per_sm=2 grid=8x15x38 block=256x1x1 steps_per_launch=2 theoretical_occupancy_pct=33.333333
CLUSTER runtime_cluster=1 dim=1x1x2 size=2 policy=LoadBalancing active_clusters_device=170 potential_cluster_size=8
LBM_allocateGrid: allocated 185.2 MByte
TRIAL 0 us_per_step=139.438400269
TRIAL 1 us_per_step=139.437761307
TRIAL 2 us_per_step=139.480323792
TRIAL 3 us_per_step=139.440002441
TRIAL 4 us_per_step=139.490880966
TRIAL 5 us_per_step=139.398403168
TRIAL 6 us_per_step=139.581441879
TRIAL 7 us_per_step=139.573116302
TRIAL 8 us_per_step=139.488000870
TRIAL 9 us_per_step=139.498882294
TRIAL 10 us_per_step=139.634561539
TRIAL 11 us_per_step=139.470720291
TRIAL 12 us_per_step=139.429759979
TRIAL 13 us_per_step=139.368324280
TRIAL 14 us_per_step=139.480638504
TRIAL 15 us_per_step=139.552640915
TRIAL 16 us_per_step=139.480962753
TRIAL 17 us_per_step=139.581441879
TRIAL 18 us_per_step=139.632320404
TRIAL 19 us_per_step=139.532480240
BENCH mode=D-V3-Z2-LoadBalancing warmups=5 trials=20 steps=100 launches=50 median_us=139.484481812 min_us=139.368324280 p90_us=139.581441879 mlups=15485.593608317 equivalent_population_TB_s=2.353810228
