DEVICE name=NVIDIA GeForce RTX 5090 cc=12.0 sms=170
RESOURCE name=D-C1-XZ4-LoadBalancing threads=256 registers=56 static_shared=0 dynamic_shared=38912 local_bytes=0 active_blocks_per_sm=2 grid=8x15x38 block=256x1x1 steps_per_launch=2 theoretical_occupancy_pct=33.333333
CLUSTER runtime_cluster=1 dim=2x1x2 size=4 policy=LoadBalancing active_clusters_device=85 potential_cluster_size=8
LBM_allocateGrid: allocated 185.2 MByte
TRIAL 0 us_per_step=145.018558502
TRIAL 1 us_per_step=145.121278763
TRIAL 2 us_per_step=144.988479614
TRIAL 3 us_per_step=145.040321350
TRIAL 4 us_per_step=144.979524612
TRIAL 5 us_per_step=145.010557175
TRIAL 6 us_per_step=145.070724487
TRIAL 7 us_per_step=144.846401215
TRIAL 8 us_per_step=144.938564301
TRIAL 9 us_per_step=145.061759949
TRIAL 10 us_per_step=145.100803375
TRIAL 11 us_per_step=144.988479614
TRIAL 12 us_per_step=145.081920624
TRIAL 13 us_per_step=144.938879013
TRIAL 14 us_per_step=144.918079376
TRIAL 15 us_per_step=145.051202774
TRIAL 16 us_per_step=145.000000000
TRIAL 17 us_per_step=144.908161163
TRIAL 18 us_per_step=145.081281662
TRIAL 19 us_per_step=145.172796249
BENCH mode=D-C1-XZ4-LoadBalancing warmups=5 trials=20 steps=100 launches=50 median_us=145.014557838 min_us=144.846401215 p90_us=145.100803375 mlups=14895.056277084 equivalent_population_TB_s=2.264048554
