DEVICE name=NVIDIA GeForce RTX 5090 cc=12.0 sms=170
RESOURCE name=D-V3-XZ4-LoadBalancing threads=256 registers=64 static_shared=0 dynamic_shared=38912 local_bytes=0 active_blocks_per_sm=2 grid=8x15x38 block=256x1x1 steps_per_launch=2 theoretical_occupancy_pct=33.333333
CLUSTER runtime_cluster=1 dim=2x1x2 size=4 policy=LoadBalancing active_clusters_device=85 potential_cluster_size=8
LBM_allocateGrid: allocated 185.2 MByte
TRIAL 0 us_per_step=153.130884171
TRIAL 1 us_per_step=153.028478622
TRIAL 2 us_per_step=153.100156784
TRIAL 3 us_per_step=153.079357147
TRIAL 4 us_per_step=153.048639297
TRIAL 5 us_per_step=153.141441345
TRIAL 6 us_per_step=153.100156784
TRIAL 7 us_per_step=152.985916138
TRIAL 8 us_per_step=153.108482361
TRIAL 9 us_per_step=153.263998032
TRIAL 10 us_per_step=153.120641708
TRIAL 11 us_per_step=153.141117096
TRIAL 12 us_per_step=153.201923370
TRIAL 13 us_per_step=153.059196472
TRIAL 14 us_per_step=153.243522644
TRIAL 15 us_per_step=153.191995621
TRIAL 16 us_per_step=153.231363297
TRIAL 17 us_per_step=153.026561737
TRIAL 18 us_per_step=153.069438934
TRIAL 19 us_per_step=153.181762695
BENCH mode=D-V3-XZ4-LoadBalancing warmups=5 trials=20 steps=100 launches=50 median_us=153.114562035 min_us=152.985916138 p90_us=153.231363297 mlups=14107.084076770 equivalent_population_TB_s=2.144276780
