DEVICE name=NVIDIA GeForce RTX 5090 cc=12.0 sms=170
RESOURCE name=D-V2-256 threads=256 registers=56 static_shared=0 dynamic_shared=38912 local_bytes=0 active_blocks_per_sm=2 grid=8x15x38 block=256x1x1 steps_per_launch=2 theoretical_occupancy_pct=33.333333
CLUSTER runtime_cluster=0 dim=0x0x0 size=0 policy=None active_clusters_device=340 potential_cluster_size=8
LBM_allocateGrid: allocated 185.2 MByte
TRIAL 0 us_per_step=136.437759399
TRIAL 1 us_per_step=136.550083160
TRIAL 2 us_per_step=136.511363983
TRIAL 3 us_per_step=136.501121521
TRIAL 4 us_per_step=136.500797272
TRIAL 5 us_per_step=136.601915359
TRIAL 6 us_per_step=136.500797272
TRIAL 7 us_per_step=136.571836472
TRIAL 8 us_per_step=136.490879059
TRIAL 9 us_per_step=136.498556137
TRIAL 10 us_per_step=136.488962173
TRIAL 11 us_per_step=136.572799683
TRIAL 12 us_per_step=136.551036835
TRIAL 13 us_per_step=136.572475433
TRIAL 14 us_per_step=136.531524658
TRIAL 15 us_per_step=136.479358673
TRIAL 16 us_per_step=136.521596909
TRIAL 17 us_per_step=136.562557220
TRIAL 18 us_per_step=136.591682434
TRIAL 19 us_per_step=136.550722122
BENCH mode=D-V2-256 warmups=5 trials=20 steps=100 launches=50 median_us=136.526560783 min_us=136.437759399 p90_us=136.572799683 mlups=15821.097283971 equivalent_population_TB_s=2.404806787
