DEVICE name=NVIDIA GeForce RTX 5090 cc=12.0 sms=170
RESOURCE name=D-V3-Z2-LoadBalancing threads=256 registers=64 static_shared=0 dynamic_shared=38912 local_bytes=0 active_blocks_per_sm=2 grid=8x15x38 block=256x1x1 steps_per_launch=2 theoretical_occupancy_pct=33.333333
CLUSTER runtime_cluster=1 dim=1x1x2 size=2 policy=LoadBalancing active_clusters_device=170 potential_cluster_size=8
LBM_allocateGrid: allocated 185.2 MByte
TRIAL 0 us_per_step=139.586563110
TRIAL 1 us_per_step=139.642044067
TRIAL 2 us_per_step=139.664550781
TRIAL 3 us_per_step=139.616317749
TRIAL 4 us_per_step=139.634841919
TRIAL 5 us_per_step=139.630752563
TRIAL 6 us_per_step=139.656326294
TRIAL 7 us_per_step=139.651260376
TRIAL 8 us_per_step=139.587738037
TRIAL 9 us_per_step=139.660476685
TRIAL 10 us_per_step=139.651107788
TRIAL 11 us_per_step=139.637924194
TRIAL 12 us_per_step=139.633850098
TRIAL 13 us_per_step=139.639999390
TRIAL 14 us_per_step=139.643066406
TRIAL 15 us_per_step=139.635910034
TRIAL 16 us_per_step=139.665603638
TRIAL 17 us_per_step=139.637924194
TRIAL 18 us_per_step=139.646148682
TRIAL 19 us_per_step=139.607238770
BENCH mode=D-V3-Z2-LoadBalancing warmups=5 trials=20 steps=1000 launches=500 median_us=139.638961792 min_us=139.586563110 p90_us=139.660476685 mlups=15468.462184770 equivalent_population_TB_s=2.351206252
