DEVICE name=NVIDIA GeForce RTX 5090 cc=12.0 sms=170
RESOURCE name=D-V3-XZ4-LoadBalancing threads=256 registers=64 static_shared=0 dynamic_shared=38912 local_bytes=0 active_blocks_per_sm=2 grid=8x15x38 block=256x1x1 steps_per_launch=2 theoretical_occupancy_pct=33.333333
CLUSTER runtime_cluster=1 dim=2x1x2 size=4 policy=LoadBalancing active_clusters_device=85 potential_cluster_size=8
LBM_allocateGrid: allocated 185.2 MByte
TRIAL 0 us_per_step=153.130884171
TRIAL 1 us_per_step=153.284482956
TRIAL 2 us_per_step=153.252477646
TRIAL 3 us_per_step=153.192319870
TRIAL 4 us_per_step=153.354883194
TRIAL 5 us_per_step=153.366403580
TRIAL 6 us_per_step=153.345918655
TRIAL 7 us_per_step=153.271036148
TRIAL 8 us_per_step=153.620796204
TRIAL 9 us_per_step=153.325443268
TRIAL 10 us_per_step=153.335676193
TRIAL 11 us_per_step=153.458557129
TRIAL 12 us_per_step=153.284158707
TRIAL 13 us_per_step=153.438081741
TRIAL 14 us_per_step=153.242559433
TRIAL 15 us_per_step=153.294401169
TRIAL 16 us_per_step=153.384962082
TRIAL 17 us_per_step=153.405761719
TRIAL 18 us_per_step=153.324804306
TRIAL 19 us_per_step=153.488960266
BENCH mode=D-V3-XZ4-LoadBalancing warmups=5 trials=20 steps=100 launches=50 median_us=153.330559731 min_us=153.130884171 p90_us=153.458557129 mlups=14087.211341275 equivalent_population_TB_s=2.141256124
