DEVICE name=NVIDIA GeForce RTX 5090 cc=12.0 sms=170
RESOURCE name=D-C0-XZ4-LoadBalancing threads=256 registers=56 static_shared=0 dynamic_shared=38912 local_bytes=0 active_blocks_per_sm=2 grid=8x15x38 block=256x1x1 steps_per_launch=2 theoretical_occupancy_pct=33.333333
CLUSTER runtime_cluster=1 dim=2x1x2 size=4 policy=LoadBalancing active_clusters_device=85 potential_cluster_size=8
LBM_allocateGrid: allocated 185.2 MByte
TRIAL 0 us_per_step=138.305664062
TRIAL 1 us_per_step=138.271972656
TRIAL 2 us_per_step=138.308807373
TRIAL 3 us_per_step=138.332321167
TRIAL 4 us_per_step=138.328262329
TRIAL 5 us_per_step=138.286300659
TRIAL 6 us_per_step=138.306747437
TRIAL 7 us_per_step=138.561721802
TRIAL 8 us_per_step=138.293441772
TRIAL 9 us_per_step=138.309860229
TRIAL 10 us_per_step=138.331268311
TRIAL 11 us_per_step=138.298904419
TRIAL 12 us_per_step=138.338424683
TRIAL 13 us_per_step=138.331298828
TRIAL 14 us_per_step=138.322113037
TRIAL 15 us_per_step=138.290374756
TRIAL 16 us_per_step=138.309722900
TRIAL 17 us_per_step=138.301635742
TRIAL 18 us_per_step=138.318008423
TRIAL 19 us_per_step=138.378433228
BENCH mode=D-C0-XZ4-LoadBalancing warmups=5 trials=20 steps=1000 launches=500 median_us=138.309791565 min_us=138.271972656 p90_us=138.338424683 mlups=15617.115574828 equivalent_population_TB_s=2.373801567
