DEVICE name=NVIDIA GeForce RTX 5090 cc=12.0 sms=170
RESOURCE name=D-V3-Z2-LoadBalancing threads=256 registers=64 static_shared=0 dynamic_shared=38912 local_bytes=0 active_blocks_per_sm=2 grid=8x15x38 block=256x1x1 steps_per_launch=2 theoretical_occupancy_pct=33.333333
CLUSTER runtime_cluster=1 dim=1x1x2 size=2 policy=LoadBalancing active_clusters_device=170 potential_cluster_size=8
LBM_allocateGrid: allocated 185.2 MByte
TRIAL 0 us_per_step=139.458875656
TRIAL 1 us_per_step=139.543676376
TRIAL 2 us_per_step=139.429759979
TRIAL 3 us_per_step=139.501438141
TRIAL 4 us_per_step=139.470720291
TRIAL 5 us_per_step=139.665279388
TRIAL 6 us_per_step=139.644155502
TRIAL 7 us_per_step=139.450235367
TRIAL 8 us_per_step=139.520320892
TRIAL 9 us_per_step=139.612159729
TRIAL 10 us_per_step=139.582395554
TRIAL 11 us_per_step=139.603843689
TRIAL 12 us_per_step=141.743364334
TRIAL 13 us_per_step=139.530878067
TRIAL 14 us_per_step=139.583358765
TRIAL 15 us_per_step=139.552640915
TRIAL 16 us_per_step=139.501438141
TRIAL 17 us_per_step=139.479360580
TRIAL 18 us_per_step=139.612483978
TRIAL 19 us_per_step=139.695997238
BENCH mode=D-V3-Z2-LoadBalancing warmups=5 trials=20 steps=100 launches=50 median_us=139.548158646 min_us=139.429759979 p90_us=139.665279388 mlups=15478.527419951 equivalent_population_TB_s=2.352736168
