DEVICE name=NVIDIA GeForce RTX 5090 cc=12.0 sms=170
RESOURCE name=D-C0-XZ4-LoadBalancing threads=256 registers=56 static_shared=0 dynamic_shared=38912 local_bytes=0 active_blocks_per_sm=2 grid=8x15x38 block=256x1x1 steps_per_launch=2 theoretical_occupancy_pct=33.333333
CLUSTER runtime_cluster=1 dim=2x1x2 size=4 policy=LoadBalancing active_clusters_device=85 potential_cluster_size=8
LBM_allocateGrid: allocated 185.2 MByte
TRIAL 0 us_per_step=138.383035660
TRIAL 1 us_per_step=138.351364136
TRIAL 2 us_per_step=138.313283920
TRIAL 3 us_per_step=138.354558945
TRIAL 4 us_per_step=138.334083557
TRIAL 5 us_per_step=138.364477158
TRIAL 6 us_per_step=138.444795609
TRIAL 7 us_per_step=138.447036743
TRIAL 8 us_per_step=138.395519257
TRIAL 9 us_per_step=138.361921310
TRIAL 10 us_per_step=138.301439285
TRIAL 11 us_per_step=138.375043869
TRIAL 12 us_per_step=138.385276794
TRIAL 13 us_per_step=138.456640244
TRIAL 14 us_per_step=138.323516846
TRIAL 15 us_per_step=138.436479568
TRIAL 16 us_per_step=138.395843506
TRIAL 17 us_per_step=138.436155319
TRIAL 18 us_per_step=138.383359909
TRIAL 19 us_per_step=138.311996460
BENCH mode=D-C0-XZ4-LoadBalancing warmups=5 trials=20 steps=100 launches=50 median_us=138.379039764 min_us=138.301439285 p90_us=138.444795609 mlups=15609.300394608 equivalent_population_TB_s=2.372613660
