DEVICE name=NVIDIA GeForce RTX 5090 cc=12.0 sms=170
RESOURCE name=D-V3-XZ4-LoadBalancing threads=256 registers=64 static_shared=0 dynamic_shared=38912 local_bytes=0 active_blocks_per_sm=2 grid=8x15x38 block=256x1x1 steps_per_launch=2 theoretical_occupancy_pct=33.333333
CLUSTER runtime_cluster=1 dim=2x1x2 size=4 policy=LoadBalancing active_clusters_device=85 potential_cluster_size=8
LBM_allocateGrid: allocated 185.2 MByte
TRIAL 0 us_per_step=152.987203598
TRIAL 1 us_per_step=153.263998032
TRIAL 2 us_per_step=153.068161011
TRIAL 3 us_per_step=153.027515411
TRIAL 4 us_per_step=153.191995621
TRIAL 5 us_per_step=153.059196472
TRIAL 6 us_per_step=153.182077408
TRIAL 7 us_per_step=153.139200211
TRIAL 8 us_per_step=153.210563660
TRIAL 9 us_per_step=153.294715881
TRIAL 10 us_per_step=153.059196472
TRIAL 11 us_per_step=153.252801895
TRIAL 12 us_per_step=153.345603943
TRIAL 13 us_per_step=153.171844482
TRIAL 14 us_per_step=153.243522644
TRIAL 15 us_per_step=153.304643631
TRIAL 16 us_per_step=153.251199722
TRIAL 17 us_per_step=153.231678009
TRIAL 18 us_per_step=153.212795258
TRIAL 19 us_per_step=153.141117096
BENCH mode=D-V3-XZ4-LoadBalancing warmups=5 trials=20 steps=100 launches=50 median_us=153.201279640 min_us=152.987203598 p90_us=153.294715881 mlups=14099.098944036 equivalent_population_TB_s=2.143063039
