DEVICE name=NVIDIA GeForce RTX 5090 cc=12.0 sms=170
RESOURCE name=D-C1-XZ4-LoadBalancing threads=256 registers=56 static_shared=0 dynamic_shared=38912 local_bytes=0 active_blocks_per_sm=2 grid=8x15x38 block=256x1x1 steps_per_launch=2 theoretical_occupancy_pct=33.333333
CLUSTER runtime_cluster=1 dim=2x1x2 size=4 policy=LoadBalancing active_clusters_device=85 potential_cluster_size=8
LBM_allocateGrid: allocated 185.2 MByte
TRIAL 0 us_per_step=145.038404465
TRIAL 1 us_per_step=145.131521225
TRIAL 2 us_per_step=145.141763687
TRIAL 3 us_per_step=145.255680084
TRIAL 4 us_per_step=145.225276947
TRIAL 5 us_per_step=145.266561508
TRIAL 6 us_per_step=144.989757538
TRIAL 7 us_per_step=145.256319046
TRIAL 8 us_per_step=145.276155472
TRIAL 9 us_per_step=145.133438110
TRIAL 10 us_per_step=145.274238586
TRIAL 11 us_per_step=145.285120010
TRIAL 12 us_per_step=145.348482132
TRIAL 13 us_per_step=145.235843658
TRIAL 14 us_per_step=145.133438110
TRIAL 15 us_per_step=145.092163086
TRIAL 16 us_per_step=145.203838348
TRIAL 17 us_per_step=145.092477798
TRIAL 18 us_per_step=145.184640884
TRIAL 19 us_per_step=145.263357162
BENCH mode=D-C1-XZ4-LoadBalancing warmups=5 trials=20 steps=100 launches=50 median_us=145.214557648 min_us=144.989757538 p90_us=145.276155472 mlups=14874.541746980 equivalent_population_TB_s=2.260930346
