DEVICE name=NVIDIA GeForce RTX 5090 cc=12.0 sms=170
RESOURCE name=D-C0-Z2-LoadBalancing threads=256 registers=56 static_shared=0 dynamic_shared=38912 local_bytes=0 active_blocks_per_sm=2 grid=8x15x38 block=256x1x1 steps_per_launch=2 theoretical_occupancy_pct=33.333333
CLUSTER runtime_cluster=1 dim=1x1x2 size=2 policy=LoadBalancing active_clusters_device=170 potential_cluster_size=8
LBM_allocateGrid: allocated 185.2 MByte
TRIAL 0 us_per_step=137.880737305
TRIAL 1 us_per_step=137.856964111
TRIAL 2 us_per_step=137.826370239
TRIAL 3 us_per_step=137.854080200
TRIAL 4 us_per_step=137.893157959
TRIAL 5 us_per_step=137.932998657
TRIAL 6 us_per_step=137.947326660
TRIAL 7 us_per_step=137.957504272
TRIAL 8 us_per_step=137.961593628
TRIAL 9 us_per_step=137.955520630
TRIAL 10 us_per_step=137.958587646
TRIAL 11 us_per_step=137.931396484
TRIAL 12 us_per_step=137.924728394
TRIAL 13 us_per_step=137.973922729
TRIAL 14 us_per_step=137.963577271
TRIAL 15 us_per_step=137.954299927
TRIAL 16 us_per_step=137.957565308
TRIAL 17 us_per_step=137.921401978
TRIAL 18 us_per_step=137.954330444
TRIAL 19 us_per_step=137.924804688
BENCH mode=D-C0-Z2-LoadBalancing warmups=5 trials=20 steps=1000 launches=500 median_us=137.940162659 min_us=137.826370239 p90_us=137.961593628 mlups=15658.963701127 equivalent_population_TB_s=2.380162483
