DEVICE name=NVIDIA GeForce RTX 5090 cc=12.0 sms=170
RESOURCE name=D-C0-YZ6-LoadBalancing threads=256 registers=56 static_shared=0 dynamic_shared=38912 local_bytes=0 active_blocks_per_sm=2 grid=8x15x38 block=256x1x1 steps_per_launch=2 theoretical_occupancy_pct=33.333333
CLUSTER runtime_cluster=1 dim=1x3x2 size=6 policy=LoadBalancing active_clusters_device=52 potential_cluster_size=8
LBM_allocateGrid: allocated 185.2 MByte
TRIAL 0 us_per_step=140.031356812
TRIAL 1 us_per_step=140.000324249
TRIAL 2 us_per_step=139.941759109
TRIAL 3 us_per_step=139.951677322
TRIAL 4 us_per_step=139.980802536
TRIAL 5 us_per_step=139.879684448
TRIAL 6 us_per_step=140.023355484
TRIAL 7 us_per_step=139.962244034
TRIAL 8 us_per_step=140.083198547
TRIAL 9 us_per_step=139.980163574
TRIAL 10 us_per_step=139.857921600
TRIAL 11 us_per_step=139.950723648
TRIAL 12 us_per_step=139.896955490
TRIAL 13 us_per_step=139.849281311
TRIAL 14 us_per_step=139.985275269
TRIAL 15 us_per_step=140.043840408
TRIAL 16 us_per_step=139.939517975
TRIAL 17 us_per_step=139.981441498
TRIAL 18 us_per_step=140.241918564
TRIAL 19 us_per_step=139.990720749
BENCH mode=D-C0-YZ6-LoadBalancing warmups=5 trials=20 steps=100 launches=50 median_us=139.980483055 min_us=139.849281311 p90_us=140.043840408 mlups=15430.722575443 equivalent_population_TB_s=2.345469831
