DEVICE name=NVIDIA GeForce RTX 5090 cc=12.0 sms=170
RESOURCE name=D-C0-XZ4-Spread threads=256 registers=56 static_shared=0 dynamic_shared=38912 local_bytes=0 active_blocks_per_sm=2 grid=8x15x38 block=256x1x1 steps_per_launch=2 theoretical_occupancy_pct=33.333333
CLUSTER runtime_cluster=1 dim=2x1x2 size=4 policy=Spread active_clusters_device=85 potential_cluster_size=8
LBM_allocateGrid: allocated 185.2 MByte
TRIAL 0 us_per_step=140.472316742
TRIAL 1 us_per_step=140.338239670
TRIAL 2 us_per_step=140.299520493
TRIAL 3 us_per_step=140.504322052
TRIAL 4 us_per_step=140.472316742
TRIAL 5 us_per_step=140.432643890
TRIAL 6 us_per_step=140.545921326
TRIAL 7 us_per_step=140.310401917
TRIAL 8 us_per_step=140.402240753
TRIAL 9 us_per_step=140.472002029
TRIAL 10 us_per_step=140.399675369
TRIAL 11 us_per_step=140.430078506
TRIAL 12 us_per_step=140.415039062
TRIAL 13 us_per_step=140.310077667
TRIAL 14 us_per_step=140.381755829
TRIAL 15 us_per_step=140.494079590
TRIAL 16 us_per_step=140.370883942
TRIAL 17 us_per_step=140.423040390
TRIAL 18 us_per_step=140.296316147
TRIAL 19 us_per_step=140.465917587
BENCH mode=D-C0-XZ4-Spread warmups=5 trials=20 steps=100 launches=50 median_us=140.419039726 min_us=140.296316147 p90_us=140.494079590 mlups=15382.529350798 equivalent_population_TB_s=2.338144461
