DEVICE name=NVIDIA GeForce RTX 5090 cc=12.0 sms=170
RESOURCE name=D-C0-Z2-Spread threads=256 registers=56 static_shared=0 dynamic_shared=38912 local_bytes=0 active_blocks_per_sm=2 grid=8x15x38 block=256x1x1 steps_per_launch=2 theoretical_occupancy_pct=33.333333
CLUSTER runtime_cluster=1 dim=1x1x2 size=2 policy=Spread active_clusters_device=170 potential_cluster_size=8
LBM_allocateGrid: allocated 185.2 MByte
TRIAL 0 us_per_step=144.039047241
TRIAL 1 us_per_step=144.074951172
TRIAL 2 us_per_step=144.067779541
TRIAL 3 us_per_step=144.056518555
TRIAL 4 us_per_step=144.152740479
TRIAL 5 us_per_step=144.201766968
TRIAL 6 us_per_step=144.174240112
TRIAL 7 us_per_step=144.162841797
TRIAL 8 us_per_step=144.157852173
TRIAL 9 us_per_step=144.230560303
TRIAL 10 us_per_step=144.196701050
TRIAL 11 us_per_step=144.196060181
TRIAL 12 us_per_step=144.179519653
TRIAL 13 us_per_step=144.219299316
TRIAL 14 us_per_step=144.210906982
TRIAL 15 us_per_step=144.195495605
TRIAL 16 us_per_step=144.182434082
TRIAL 17 us_per_step=144.218246460
TRIAL 18 us_per_step=144.219299316
TRIAL 19 us_per_step=144.169982910
BENCH mode=D-C0-Z2-Spread warmups=5 trials=20 steps=1000 launches=500 median_us=144.180976868 min_us=144.039047241 p90_us=144.219299316 mlups=14981.171905794 equivalent_population_TB_s=2.277138130
