DEVICE name=NVIDIA GeForce RTX 5090 cc=12.0 sms=170
RESOURCE name=D-V2-256 threads=256 registers=56 static_shared=0 dynamic_shared=38912 local_bytes=0 active_blocks_per_sm=2 grid=8x15x38 block=256x1x1 steps_per_launch=2 theoretical_occupancy_pct=33.333333
CLUSTER runtime_cluster=0 dim=0x0x0 size=0 policy=None active_clusters_device=340 potential_cluster_size=8
LBM_allocateGrid: allocated 185.2 MByte
TRIAL 0 us_per_step=136.571044922
TRIAL 1 us_per_step=136.563903809
TRIAL 2 us_per_step=136.577148438
TRIAL 3 us_per_step=136.556701660
TRIAL 4 us_per_step=136.598556519
TRIAL 5 us_per_step=136.586151123
TRIAL 6 us_per_step=136.623291016
TRIAL 7 us_per_step=136.545959473
TRIAL 8 us_per_step=136.599548340
TRIAL 9 us_per_step=136.587417603
TRIAL 10 us_per_step=136.600189209
TRIAL 11 us_per_step=136.587905884
TRIAL 12 us_per_step=136.617126465
TRIAL 13 us_per_step=136.584167480
TRIAL 14 us_per_step=136.580062866
TRIAL 15 us_per_step=136.606750488
TRIAL 16 us_per_step=136.598693848
TRIAL 17 us_per_step=136.610916138
TRIAL 18 us_per_step=136.624313354
TRIAL 19 us_per_step=136.624069214
BENCH mode=D-V2-256 warmups=5 trials=20 steps=1000 launches=500 median_us=136.593231201 min_us=136.545959473 p90_us=136.623291016 mlups=15813.375091909 equivalent_population_TB_s=2.403633014
