DEVICE name=NVIDIA GeForce RTX 5090 cc=12.0 sms=170
RESOURCE name=D-C0-Z2-Spread threads=256 registers=56 static_shared=0 dynamic_shared=38912 local_bytes=0 active_blocks_per_sm=2 grid=8x15x38 block=256x1x1 steps_per_launch=2 theoretical_occupancy_pct=33.333333
CLUSTER runtime_cluster=1 dim=1x1x2 size=2 policy=Spread active_clusters_device=170 potential_cluster_size=8
LBM_allocateGrid: allocated 185.2 MByte
TRIAL 0 us_per_step=144.216642380
TRIAL 1 us_per_step=144.258880615
TRIAL 2 us_per_step=144.103355408
TRIAL 3 us_per_step=144.222078323
TRIAL 4 us_per_step=144.150075912
TRIAL 5 us_per_step=144.190721512
TRIAL 6 us_per_step=144.139842987
TRIAL 7 us_per_step=144.262075424
TRIAL 8 us_per_step=144.201278687
TRIAL 9 us_per_step=144.138240814
TRIAL 10 us_per_step=144.271039963
TRIAL 11 us_per_step=144.099197388
TRIAL 12 us_per_step=144.190082550
TRIAL 13 us_per_step=144.149122238
TRIAL 14 us_per_step=144.098882675
TRIAL 15 us_per_step=144.152641296
TRIAL 16 us_per_step=144.191360474
TRIAL 17 us_per_step=144.231681824
TRIAL 18 us_per_step=144.076156616
TRIAL 19 us_per_step=144.220476151
BENCH mode=D-C0-Z2-Spread warmups=5 trials=20 steps=100 launches=50 median_us=144.190402031 min_us=144.076156616 p90_us=144.258880615 mlups=14980.192645114 equivalent_population_TB_s=2.276989282
