DEVICE name=NVIDIA GeForce RTX 5090 cc=12.0 sms=170
RESOURCE name=D-C0-XZ4-Spread threads=256 registers=56 static_shared=0 dynamic_shared=38912 local_bytes=0 active_blocks_per_sm=2 grid=8x15x38 block=256x1x1 steps_per_launch=2 theoretical_occupancy_pct=33.333333
CLUSTER runtime_cluster=1 dim=2x1x2 size=4 policy=Spread active_clusters_device=85 potential_cluster_size=8
LBM_allocateGrid: allocated 185.2 MByte
TRIAL 0 us_per_step=140.310716629
TRIAL 1 us_per_step=140.349121094
TRIAL 2 us_per_step=140.422716141
TRIAL 3 us_per_step=140.350723267
TRIAL 4 us_per_step=140.463676453
TRIAL 5 us_per_step=140.473604202
TRIAL 6 us_per_step=140.360002518
TRIAL 7 us_per_step=140.435523987
TRIAL 8 us_per_step=140.340795517
TRIAL 9 us_per_step=140.337915421
TRIAL 10 us_per_step=140.409603119
TRIAL 11 us_per_step=140.320320129
TRIAL 12 us_per_step=140.411844254
TRIAL 13 us_per_step=140.361280441
TRIAL 14 us_per_step=140.441923141
TRIAL 15 us_per_step=140.458240509
TRIAL 16 us_per_step=140.410881042
TRIAL 17 us_per_step=140.433282852
TRIAL 18 us_per_step=140.390396118
TRIAL 19 us_per_step=140.503044128
BENCH mode=D-C0-XZ4-Spread warmups=5 trials=20 steps=100 launches=50 median_us=140.410242081 min_us=140.310716629 p90_us=140.463676453 mlups=15383.493169670 equivalent_population_TB_s=2.338290962
