DEVICE name=NVIDIA GeForce RTX 5090 cc=12.0 sms=170
RESOURCE name=D-C0-XZ4-LoadBalancing threads=256 registers=56 static_shared=0 dynamic_shared=38912 local_bytes=0 active_blocks_per_sm=2 grid=8x15x38 block=256x1x1 steps_per_launch=2 theoretical_occupancy_pct=33.333333
CLUSTER runtime_cluster=1 dim=2x1x2 size=4 policy=LoadBalancing active_clusters_device=85 potential_cluster_size=8
LBM_allocateGrid: allocated 185.2 MByte
TRIAL 0 us_per_step=138.664093018
TRIAL 1 us_per_step=138.681350708
TRIAL 2 us_per_step=138.655899048
TRIAL 3 us_per_step=138.671295166
TRIAL 4 us_per_step=138.677658081
TRIAL 5 us_per_step=138.700988770
TRIAL 6 us_per_step=138.686584473
TRIAL 7 us_per_step=138.693817139
TRIAL 8 us_per_step=138.724487305
TRIAL 9 us_per_step=138.744903564
TRIAL 10 us_per_step=138.702941895
TRIAL 11 us_per_step=138.705474854
TRIAL 12 us_per_step=138.742904663
TRIAL 13 us_per_step=138.732604980
TRIAL 14 us_per_step=138.718170166
TRIAL 15 us_per_step=138.742904663
TRIAL 16 us_per_step=138.779800415
TRIAL 17 us_per_step=138.742904663
TRIAL 18 us_per_step=138.709915161
TRIAL 19 us_per_step=138.755172729
BENCH mode=D-C0-XZ4-LoadBalancing warmups=5 trials=20 steps=1000 launches=500 median_us=138.707695007 min_us=138.655899048 p90_us=138.744903564 mlups=15572.315579795 equivalent_population_TB_s=2.366991968
