DEVICE name=NVIDIA GeForce RTX 5090 cc=12.0 sms=170
RESOURCE name=D-C0-YZ6-Spread threads=256 registers=56 static_shared=0 dynamic_shared=38912 local_bytes=0 active_blocks_per_sm=2 grid=8x15x38 block=256x1x1 steps_per_launch=2 theoretical_occupancy_pct=33.333333
CLUSTER runtime_cluster=1 dim=1x3x2 size=6 policy=Spread active_clusters_device=52 potential_cluster_size=8
LBM_allocateGrid: allocated 185.2 MByte
TRIAL 0 us_per_step=142.168960571
TRIAL 1 us_per_step=141.987199783
TRIAL 2 us_per_step=141.957759857
TRIAL 3 us_per_step=142.081918716
TRIAL 4 us_per_step=142.069444656
TRIAL 5 us_per_step=142.049922943
TRIAL 6 us_per_step=142.305278778
TRIAL 7 us_per_step=142.100477219
TRIAL 8 us_per_step=142.153282166
TRIAL 9 us_per_step=142.201919556
TRIAL 10 us_per_step=142.058877945
TRIAL 11 us_per_step=142.133121490
TRIAL 12 us_per_step=142.051200867
TRIAL 13 us_per_step=142.234563828
TRIAL 14 us_per_step=142.050876617
TRIAL 15 us_per_step=142.132797241
TRIAL 16 us_per_step=142.153282166
TRIAL 17 us_per_step=142.101764679
TRIAL 18 us_per_step=142.069759369
TRIAL 19 us_per_step=142.076797485
BENCH mode=D-C0-YZ6-Spread warmups=5 trials=20 steps=100 launches=50 median_us=142.091197968 min_us=141.957759857 p90_us=142.201919556 mlups=15201.504603358 equivalent_population_TB_s=2.310628700
