DEVICE name=NVIDIA GeForce RTX 5090 cc=12.0 sms=170
RESOURCE name=D-C0-YZ6-LoadBalancing threads=256 registers=56 static_shared=0 dynamic_shared=38912 local_bytes=0 active_blocks_per_sm=2 grid=8x15x38 block=256x1x1 steps_per_launch=2 theoretical_occupancy_pct=33.333333
CLUSTER runtime_cluster=1 dim=1x3x2 size=6 policy=LoadBalancing active_clusters_device=52 potential_cluster_size=8
LBM_allocateGrid: allocated 185.2 MByte
TRIAL 0 us_per_step=140.050521851
TRIAL 1 us_per_step=140.172409058
TRIAL 2 us_per_step=140.234848022
TRIAL 3 us_per_step=140.253723145
TRIAL 4 us_per_step=140.293304443
TRIAL 5 us_per_step=140.249282837
TRIAL 6 us_per_step=140.262557983
TRIAL 7 us_per_step=140.269668579
TRIAL 8 us_per_step=140.254364014
TRIAL 9 us_per_step=140.284103394
TRIAL 10 us_per_step=140.522659302
TRIAL 11 us_per_step=140.293762207
TRIAL 12 us_per_step=140.294982910
TRIAL 13 us_per_step=140.282012939
TRIAL 14 us_per_step=140.268157959
TRIAL 15 us_per_step=140.298278809
TRIAL 16 us_per_step=140.266693115
TRIAL 17 us_per_step=140.279800415
TRIAL 18 us_per_step=140.328094482
TRIAL 19 us_per_step=140.321884155
BENCH mode=D-C0-YZ6-LoadBalancing warmups=5 trials=20 steps=1000 launches=500 median_us=140.274734497 min_us=140.050521851 p90_us=140.321884155 mlups=15398.353864253 equivalent_population_TB_s=2.340549787
