DEVICE name=NVIDIA GeForce RTX 5090 cc=12.0 sms=170
RESOURCE name=D-C0-XZ4-Spread threads=256 registers=56 static_shared=0 dynamic_shared=38912 local_bytes=0 active_blocks_per_sm=2 grid=8x15x38 block=256x1x1 steps_per_launch=2 theoretical_occupancy_pct=33.333333
CLUSTER runtime_cluster=1 dim=2x1x2 size=4 policy=Spread active_clusters_device=85 potential_cluster_size=8
LBM_allocateGrid: allocated 185.2 MByte
TRIAL 0 us_per_step=140.348482132
TRIAL 1 us_per_step=140.471038818
TRIAL 2 us_per_step=140.412483215
TRIAL 3 us_per_step=140.299520493
TRIAL 4 us_per_step=140.371837616
TRIAL 5 us_per_step=140.329284668
TRIAL 6 us_per_step=140.309123993
TRIAL 7 us_per_step=140.392322540
TRIAL 8 us_per_step=142.571516037
TRIAL 9 us_per_step=140.277757645
TRIAL 10 us_per_step=140.318078995
TRIAL 11 us_per_step=140.453758240
TRIAL 12 us_per_step=140.392322540
TRIAL 13 us_per_step=140.351362228
TRIAL 14 us_per_step=140.402240753
TRIAL 15 us_per_step=140.490875244
TRIAL 16 us_per_step=140.463361740
TRIAL 17 us_per_step=140.361280441
TRIAL 18 us_per_step=140.512962341
TRIAL 19 us_per_step=140.304641724
BENCH mode=D-C0-XZ4-Spread warmups=5 trials=20 steps=100 launches=50 median_us=140.382080078 min_us=140.277757645 p90_us=140.490875244 mlups=15386.579247137 equivalent_population_TB_s=2.338760046
