DEVICE name=NVIDIA GeForce RTX 5090 cc=12.0 sms=170
RESOURCE name=D-C0-XZ4-LoadBalancing threads=256 registers=56 static_shared=0 dynamic_shared=38912 local_bytes=0 active_blocks_per_sm=2 grid=8x15x38 block=256x1x1 steps_per_launch=2 theoretical_occupancy_pct=33.333333
CLUSTER runtime_cluster=1 dim=2x1x2 size=4 policy=LoadBalancing active_clusters_device=85 potential_cluster_size=8
LBM_allocateGrid: allocated 185.2 MByte
TRIAL 0 us_per_step=138.301439285
TRIAL 1 us_per_step=138.239679337
TRIAL 2 us_per_step=138.384323120
TRIAL 3 us_per_step=138.302078247
TRIAL 4 us_per_step=138.342399597
TRIAL 5 us_per_step=138.302402496
TRIAL 6 us_per_step=138.334083557
TRIAL 7 us_per_step=138.362560272
TRIAL 8 us_per_step=138.405761719
TRIAL 9 us_per_step=138.330879211
TRIAL 10 us_per_step=138.331203461
TRIAL 11 us_per_step=138.321924210
TRIAL 12 us_per_step=138.312959671
TRIAL 13 us_per_step=138.374395370
TRIAL 14 us_per_step=138.323202133
TRIAL 15 us_per_step=138.323841095
TRIAL 16 us_per_step=138.393278122
TRIAL 17 us_per_step=138.374080658
TRIAL 18 us_per_step=138.371200562
TRIAL 19 us_per_step=138.240003586
BENCH mode=D-C0-XZ4-LoadBalancing warmups=5 trials=20 steps=100 launches=50 median_us=138.331041336 min_us=138.239679337 p90_us=138.384323120 mlups=15614.716546177 equivalent_population_TB_s=2.373436915
