DEVICE name=NVIDIA GeForce RTX 5090 cc=12.0 sms=170
RESOURCE name=D-C0-Z2-LoadBalancing threads=256 registers=56 static_shared=0 dynamic_shared=38912 local_bytes=0 active_blocks_per_sm=2 grid=8x15x38 block=256x1x1 steps_per_launch=2 theoretical_occupancy_pct=33.333333
CLUSTER runtime_cluster=1 dim=1x1x2 size=2 policy=LoadBalancing active_clusters_device=170 potential_cluster_size=8
LBM_allocateGrid: allocated 185.2 MByte
TRIAL 0 us_per_step=138.065919876
TRIAL 1 us_per_step=137.922878265
TRIAL 2 us_per_step=137.788476944
TRIAL 3 us_per_step=137.944002151
TRIAL 4 us_per_step=137.861118317
TRIAL 5 us_per_step=137.891836166
TRIAL 6 us_per_step=137.953596115
TRIAL 7 us_per_step=137.750396729
TRIAL 8 us_per_step=137.873277664
TRIAL 9 us_per_step=137.861118317
TRIAL 10 us_per_step=137.940158844
TRIAL 11 us_per_step=137.892484665
TRIAL 12 us_per_step=137.984323502
TRIAL 13 us_per_step=137.924156189
TRIAL 14 us_per_step=137.882881165
TRIAL 15 us_per_step=137.940797806
TRIAL 16 us_per_step=137.994241714
TRIAL 17 us_per_step=137.963523865
TRIAL 18 us_per_step=137.809915543
TRIAL 19 us_per_step=137.971839905
BENCH mode=D-C0-Z2-LoadBalancing warmups=5 trials=20 steps=100 launches=50 median_us=137.923517227 min_us=137.750396729 p90_us=137.984323502 mlups=15660.853518130 equivalent_population_TB_s=2.380449735
