DEVICE name=NVIDIA GeForce RTX 5090 cc=12.0 sms=170
RESOURCE name=D-C0-YZ6-LoadBalancing threads=256 registers=56 static_shared=0 dynamic_shared=38912 local_bytes=0 active_blocks_per_sm=2 grid=8x15x38 block=256x1x1 steps_per_launch=2 theoretical_occupancy_pct=33.333333
CLUSTER runtime_cluster=1 dim=1x3x2 size=6 policy=LoadBalancing active_clusters_device=52 potential_cluster_size=8
LBM_allocateGrid: allocated 185.2 MByte
TRIAL 0 us_per_step=139.898727417
TRIAL 1 us_per_step=139.935943604
TRIAL 2 us_per_step=139.992065430
TRIAL 3 us_per_step=139.970596313
TRIAL 4 us_per_step=139.989059448
TRIAL 5 us_per_step=139.976898193
TRIAL 6 us_per_step=139.930725098
TRIAL 7 us_per_step=139.950119019
TRIAL 8 us_per_step=139.995300293
TRIAL 9 us_per_step=139.974853516
TRIAL 10 us_per_step=140.212417603
TRIAL 11 us_per_step=139.959930420
TRIAL 12 us_per_step=139.993209839
TRIAL 13 us_per_step=140.000411987
TRIAL 14 us_per_step=139.985061646
TRIAL 15 us_per_step=139.995239258
TRIAL 16 us_per_step=140.008605957
TRIAL 17 us_per_step=139.984954834
TRIAL 18 us_per_step=139.978820801
TRIAL 19 us_per_step=139.974746704
BENCH mode=D-C0-YZ6-LoadBalancing warmups=5 trials=20 steps=1000 launches=500 median_us=139.981887817 min_us=139.898727417 p90_us=140.000411987 mlups=15430.567723289 equivalent_population_TB_s=2.345446294
