DEVICE name=NVIDIA GeForce RTX 5090 cc=12.0 sms=170
RESOURCE name=D-C0-XZ4-LoadBalancing threads=256 registers=56 static_shared=0 dynamic_shared=38912 local_bytes=0 active_blocks_per_sm=2 grid=8x15x38 block=256x1x1 steps_per_launch=2 theoretical_occupancy_pct=33.333333
CLUSTER runtime_cluster=1 dim=2x1x2 size=4 policy=LoadBalancing active_clusters_device=85 potential_cluster_size=8
LBM_allocateGrid: allocated 185.2 MByte
TRIAL 0 us_per_step=138.300476074
TRIAL 1 us_per_step=138.505601883
TRIAL 2 us_per_step=138.413438797
TRIAL 3 us_per_step=138.383998871
TRIAL 4 us_per_step=138.484802246
TRIAL 5 us_per_step=138.413763046
TRIAL 6 us_per_step=138.302717209
TRIAL 7 us_per_step=138.334083557
TRIAL 8 us_per_step=138.442878723
TRIAL 9 us_per_step=138.453760147
TRIAL 10 us_per_step=138.557443619
TRIAL 11 us_per_step=138.312320709
TRIAL 12 us_per_step=138.435201645
TRIAL 13 us_per_step=138.292160034
TRIAL 14 us_per_step=138.445444107
TRIAL 15 us_per_step=138.394880295
TRIAL 16 us_per_step=138.424320221
TRIAL 17 us_per_step=138.420476913
TRIAL 18 us_per_step=138.358716965
TRIAL 19 us_per_step=138.454084396
BENCH mode=D-C0-XZ4-LoadBalancing warmups=5 trials=20 steps=100 launches=50 median_us=138.417119980 min_us=138.292160034 p90_us=138.484802246 mlups=15605.006088223 equivalent_population_TB_s=2.371960925
