DEVICE name=NVIDIA GeForce RTX 5090 cc=12.0 sms=170
RESOURCE name=D-C0-Z2-LoadBalancing threads=256 registers=56 static_shared=0 dynamic_shared=38912 local_bytes=0 active_blocks_per_sm=2 grid=8x15x38 block=256x1x1 steps_per_launch=2 theoretical_occupancy_pct=33.333333
CLUSTER runtime_cluster=1 dim=1x1x2 size=2 policy=LoadBalancing active_clusters_device=170 potential_cluster_size=8
LBM_allocateGrid: allocated 185.2 MByte
TRIAL 0 us_per_step=137.891836166
TRIAL 1 us_per_step=137.757120132
TRIAL 2 us_per_step=137.791042328
TRIAL 3 us_per_step=137.719039917
TRIAL 4 us_per_step=137.810564041
TRIAL 5 us_per_step=137.891521454
TRIAL 6 us_per_step=137.912321091
TRIAL 7 us_per_step=137.903995514
TRIAL 8 us_per_step=138.024959564
TRIAL 9 us_per_step=137.819519043
TRIAL 10 us_per_step=137.850875854
TRIAL 11 us_per_step=137.842235565
TRIAL 12 us_per_step=137.750396729
TRIAL 13 us_per_step=138.004798889
TRIAL 14 us_per_step=137.780799866
TRIAL 15 us_per_step=137.924156189
TRIAL 16 us_per_step=137.851524353
TRIAL 17 us_per_step=137.811517715
TRIAL 18 us_per_step=137.768640518
TRIAL 19 us_per_step=137.727355957
BENCH mode=D-C0-Z2-LoadBalancing warmups=5 trials=20 steps=100 launches=50 median_us=137.830877304 min_us=137.719039917 p90_us=137.924156189 mlups=15671.379608465 equivalent_population_TB_s=2.382049700
