DEVICE name=NVIDIA GeForce RTX 5090 cc=12.0 sms=170
RESOURCE name=D-C0-XZ4-LoadBalancing threads=256 registers=56 static_shared=0 dynamic_shared=38912 local_bytes=0 active_blocks_per_sm=2 grid=8x15x38 block=256x1x1 steps_per_launch=2 theoretical_occupancy_pct=33.333333
CLUSTER runtime_cluster=1 dim=2x1x2 size=4 policy=LoadBalancing active_clusters_device=85 potential_cluster_size=8
LBM_allocateGrid: allocated 185.2 MByte
TRIAL 0 us_per_step=138.475837708
TRIAL 1 us_per_step=138.381443024
TRIAL 2 us_per_step=138.375043869
TRIAL 3 us_per_step=138.467197418
TRIAL 4 us_per_step=138.444156647
TRIAL 5 us_per_step=138.322238922
TRIAL 6 us_per_step=138.364477158
TRIAL 7 us_per_step=138.323841095
TRIAL 8 us_per_step=138.331518173
TRIAL 9 us_per_step=138.290243149
TRIAL 10 us_per_step=138.392639160
TRIAL 11 us_per_step=138.312635422
TRIAL 12 us_per_step=138.434877396
TRIAL 13 us_per_step=138.251838684
TRIAL 14 us_per_step=138.458881378
TRIAL 15 us_per_step=138.344001770
TRIAL 16 us_per_step=138.416004181
TRIAL 17 us_per_step=138.324804306
TRIAL 18 us_per_step=138.402881622
TRIAL 19 us_per_step=138.327360153
BENCH mode=D-C0-XZ4-LoadBalancing warmups=5 trials=20 steps=100 launches=50 median_us=138.369760513 min_us=138.251838684 p90_us=138.458881378 mlups=15610.347174029 equivalent_population_TB_s=2.372772770
