DEVICE name=NVIDIA GeForce RTX 5090 cc=12.0 sms=170
RESOURCE name=D-V2-256 threads=256 registers=56 static_shared=0 dynamic_shared=38912 local_bytes=0 active_blocks_per_sm=2 grid=8x15x38 block=256x1x1 steps_per_launch=2 theoretical_occupancy_pct=33.333333
CLUSTER runtime_cluster=0 dim=0x0x0 size=0 policy=None active_clusters_device=340 potential_cluster_size=8
LBM_allocateGrid: allocated 185.2 MByte
TRIAL 0 us_per_step=136.567678452
TRIAL 1 us_per_step=136.581439972
TRIAL 2 us_per_step=136.437444687
TRIAL 3 us_per_step=136.510400772
TRIAL 4 us_per_step=136.523838043
TRIAL 5 us_per_step=136.563844681
TRIAL 6 us_per_step=136.572475433
TRIAL 7 us_per_step=136.634235382
TRIAL 8 us_per_step=136.562242508
TRIAL 9 us_per_step=136.519680023
TRIAL 10 us_per_step=136.516799927
TRIAL 11 us_per_step=136.633920670
TRIAL 12 us_per_step=136.634235382
TRIAL 13 us_per_step=136.489276886
TRIAL 14 us_per_step=136.617918015
TRIAL 15 us_per_step=136.571197510
TRIAL 16 us_per_step=136.530876160
TRIAL 17 us_per_step=136.521282196
TRIAL 18 us_per_step=136.538238525
TRIAL 19 us_per_step=136.560640335
BENCH mode=D-V2-256 warmups=5 trials=20 steps=100 launches=50 median_us=136.561441422 min_us=136.437444687 p90_us=136.633920670 mlups=15817.056246009 equivalent_population_TB_s=2.404192549
