DEVICE name=NVIDIA GeForce RTX 5090 cc=12.0 sms=170
RESOURCE name=D-V2-256 threads=256 registers=56 static_shared=0 dynamic_shared=38912 local_bytes=0 active_blocks_per_sm=2 grid=8x15x38 block=256x1x1 steps_per_launch=2 theoretical_occupancy_pct=33.333333
CLUSTER runtime_cluster=0 dim=0x0x0 size=0 policy=None active_clusters_device=340 potential_cluster_size=8
LBM_allocateGrid: allocated 185.2 MByte
TRIAL 0 us_per_step=136.547517776
TRIAL 1 us_per_step=136.528320312
TRIAL 2 us_per_step=136.713600159
TRIAL 3 us_per_step=136.521596909
TRIAL 4 us_per_step=136.542396545
TRIAL 5 us_per_step=136.623363495
TRIAL 6 us_per_step=136.633281708
TRIAL 7 us_per_step=136.521282196
TRIAL 8 us_per_step=136.622076035
TRIAL 9 us_per_step=136.458244324
TRIAL 10 us_per_step=136.579837799
TRIAL 11 us_per_step=136.613759995
TRIAL 12 us_per_step=136.684160233
TRIAL 13 us_per_step=136.602563858
TRIAL 14 us_per_step=136.683521271
TRIAL 15 us_per_step=136.572799683
TRIAL 16 us_per_step=136.561918259
TRIAL 17 us_per_step=136.490240097
TRIAL 18 us_per_step=136.579523087
TRIAL 19 us_per_step=136.527681351
BENCH mode=D-V2-256 warmups=5 trials=20 steps=100 launches=50 median_us=136.576161385 min_us=136.458244324 p90_us=136.683521271 mlups=15815.351508655 equivalent_population_TB_s=2.403933429
