DEVICE name=NVIDIA GeForce RTX 5090 cc=12.0 sms=170
RESOURCE name=D-C0-YZ6-Spread threads=256 registers=56 static_shared=0 dynamic_shared=38912 local_bytes=0 active_blocks_per_sm=2 grid=8x15x38 block=256x1x1 steps_per_launch=2 theoretical_occupancy_pct=33.333333
CLUSTER runtime_cluster=1 dim=1x3x2 size=6 policy=Spread active_clusters_device=52 potential_cluster_size=8
LBM_allocateGrid: allocated 185.2 MByte
TRIAL 0 us_per_step=142.124191284
TRIAL 1 us_per_step=142.177474976
TRIAL 2 us_per_step=142.098617554
TRIAL 3 us_per_step=142.141433716
TRIAL 4 us_per_step=142.125061035
TRIAL 5 us_per_step=142.135482788
TRIAL 6 us_per_step=142.120025635
TRIAL 7 us_per_step=142.114974976
TRIAL 8 us_per_step=142.135299683
TRIAL 9 us_per_step=142.145690918
TRIAL 10 us_per_step=142.141571045
TRIAL 11 us_per_step=142.115997314
TRIAL 12 us_per_step=142.111740112
TRIAL 13 us_per_step=142.178405762
TRIAL 14 us_per_step=142.103713989
TRIAL 15 us_per_step=142.122146606
TRIAL 16 us_per_step=142.133255005
TRIAL 17 us_per_step=142.172256470
TRIAL 18 us_per_step=142.100646973
TRIAL 19 us_per_step=142.100570679
BENCH mode=D-C0-YZ6-Spread warmups=5 trials=20 steps=1000 launches=500 median_us=142.124626160 min_us=142.098617554 p90_us=142.172256470 mlups=15197.929158128 equivalent_population_TB_s=2.310085232
