DEVICE name=NVIDIA GeForce RTX 5090 cc=12.0 sms=170
RESOURCE name=D-V2-256 threads=256 registers=56 static_shared=0 dynamic_shared=38912 local_bytes=0 active_blocks_per_sm=2 grid=8x15x38 block=256x1x1 steps_per_launch=2 theoretical_occupancy_pct=33.333333
CLUSTER runtime_cluster=0 dim=0x0x0 size=0 policy=None active_clusters_device=340 potential_cluster_size=8
LBM_allocateGrid: allocated 185.2 MByte
TRIAL 0 us_per_step=136.601600647
TRIAL 1 us_per_step=136.652164459
TRIAL 2 us_per_step=136.492481232
TRIAL 3 us_per_step=136.550083160
TRIAL 4 us_per_step=136.509437561
TRIAL 5 us_per_step=136.611843109
TRIAL 6 us_per_step=136.524801254
TRIAL 7 us_per_step=136.622076035
TRIAL 8 us_per_step=136.521596909
TRIAL 9 us_per_step=136.609916687
TRIAL 10 us_per_step=136.575040817
TRIAL 11 us_per_step=136.603517532
TRIAL 12 us_per_step=136.530237198
TRIAL 13 us_per_step=136.574077606
TRIAL 14 us_per_step=136.591358185
TRIAL 15 us_per_step=136.498880386
TRIAL 16 us_per_step=136.601600647
TRIAL 17 us_per_step=136.623678207
TRIAL 18 us_per_step=136.498880386
TRIAL 19 us_per_step=136.496963501
BENCH mode=D-V2-256 warmups=5 trials=20 steps=100 launches=50 median_us=136.574559212 min_us=136.492481232 p90_us=136.622076035 mlups=15815.537040477 equivalent_population_TB_s=2.403961630
