DEVICE name=NVIDIA GeForce RTX 5090 cc=12.0 sms=170
RESOURCE name=D-C0-YZ6-Spread threads=256 registers=56 static_shared=0 dynamic_shared=38912 local_bytes=0 active_blocks_per_sm=2 grid=8x15x38 block=256x1x1 steps_per_launch=2 theoretical_occupancy_pct=33.333333
CLUSTER runtime_cluster=1 dim=1x3x2 size=6 policy=Spread active_clusters_device=52 potential_cluster_size=8
LBM_allocateGrid: allocated 185.2 MByte
TRIAL 0 us_per_step=142.059841156
TRIAL 1 us_per_step=142.039356232
TRIAL 2 us_per_step=142.245759964
TRIAL 3 us_per_step=142.143363953
TRIAL 4 us_per_step=142.102079391
TRIAL 5 us_per_step=142.040643692
TRIAL 6 us_per_step=142.141761780
TRIAL 7 us_per_step=142.215042114
TRIAL 8 us_per_step=142.213764191
TRIAL 9 us_per_step=142.243204117
TRIAL 10 us_per_step=142.248001099
TRIAL 11 us_per_step=142.172803879
TRIAL 12 us_per_step=142.192964554
TRIAL 13 us_per_step=142.109441757
TRIAL 14 us_per_step=142.173757553
TRIAL 15 us_per_step=142.140798569
TRIAL 16 us_per_step=142.348155975
TRIAL 17 us_per_step=142.204160690
TRIAL 18 us_per_step=142.180480957
TRIAL 19 us_per_step=142.345600128
BENCH mode=D-C0-YZ6-Spread warmups=5 trials=20 steps=100 launches=50 median_us=142.177119255 min_us=142.039356232 p90_us=142.248001099 mlups=15192.317943402 equivalent_population_TB_s=2.309232327
