DEVICE name=NVIDIA GeForce RTX 5090 cc=12.0 sms=170
RESOURCE name=D-C0-YZ6-Spread threads=256 registers=56 static_shared=0 dynamic_shared=38912 local_bytes=0 active_blocks_per_sm=2 grid=8x15x38 block=256x1x1 steps_per_launch=2 theoretical_occupancy_pct=33.333333
CLUSTER runtime_cluster=1 dim=1x3x2 size=6 policy=Spread active_clusters_device=52 potential_cluster_size=8
LBM_allocateGrid: allocated 185.2 MByte
TRIAL 0 us_per_step=142.068157196
TRIAL 1 us_per_step=142.068481445
TRIAL 2 us_per_step=142.124795914
TRIAL 3 us_per_step=142.049922943
TRIAL 4 us_per_step=142.192640305
TRIAL 5 us_per_step=142.131519318
TRIAL 6 us_per_step=142.153282166
TRIAL 7 us_per_step=142.112960815
TRIAL 8 us_per_step=142.141437531
TRIAL 9 us_per_step=142.089920044
TRIAL 10 us_per_step=142.016963959
TRIAL 11 us_per_step=142.025604248
TRIAL 12 us_per_step=142.122564316
TRIAL 13 us_per_step=142.071037292
TRIAL 14 us_per_step=142.153282166
TRIAL 15 us_per_step=142.051200867
TRIAL 16 us_per_step=142.071676254
TRIAL 17 us_per_step=142.191677094
TRIAL 18 us_per_step=142.059202194
TRIAL 19 us_per_step=142.294397354
BENCH mode=D-C0-YZ6-Spread warmups=5 trials=20 steps=100 launches=50 median_us=142.101440430 min_us=142.016963959 p90_us=142.191677094 mlups=15200.408901335 equivalent_population_TB_s=2.310462153
