DEVICE name=NVIDIA GeForce RTX 5090 cc=12.0 sms=170
RESOURCE name=D-C0-XZ4-Spread threads=256 registers=56 static_shared=0 dynamic_shared=38912 local_bytes=0 active_blocks_per_sm=2 grid=8x15x38 block=256x1x1 steps_per_launch=2 theoretical_occupancy_pct=33.333333
CLUSTER runtime_cluster=1 dim=2x1x2 size=4 policy=Spread active_clusters_device=85 potential_cluster_size=8
LBM_allocateGrid: allocated 185.2 MByte
TRIAL 0 us_per_step=140.666656494
TRIAL 1 us_per_step=140.690628052
TRIAL 2 us_per_step=140.654586792
TRIAL 3 us_per_step=140.711975098
TRIAL 4 us_per_step=140.695739746
TRIAL 5 us_per_step=140.691268921
TRIAL 6 us_per_step=140.735687256
TRIAL 7 us_per_step=140.676132202
TRIAL 8 us_per_step=140.701828003
TRIAL 9 us_per_step=140.733505249
TRIAL 10 us_per_step=140.669082642
TRIAL 11 us_per_step=140.725723267
TRIAL 12 us_per_step=140.731399536
TRIAL 13 us_per_step=140.738754272
TRIAL 14 us_per_step=140.728378296
TRIAL 15 us_per_step=140.752029419
TRIAL 16 us_per_step=140.751876831
TRIAL 17 us_per_step=140.726425171
TRIAL 18 us_per_step=140.803100586
TRIAL 19 us_per_step=140.769378662
BENCH mode=D-C0-XZ4-Spread warmups=5 trials=20 steps=1000 launches=500 median_us=140.726074219 min_us=140.654586792 p90_us=140.752029419 mlups=15348.967929301 equivalent_population_TB_s=2.333043125
