DEVICE name=NVIDIA GeForce RTX 5090 cc=12.0 sms=170
RESOURCE name=D-C0-Z2-Spread threads=256 registers=56 static_shared=0 dynamic_shared=38912 local_bytes=0 active_blocks_per_sm=2 grid=8x15x38 block=256x1x1 steps_per_launch=2 theoretical_occupancy_pct=33.333333
CLUSTER runtime_cluster=1 dim=1x1x2 size=2 policy=Spread active_clusters_device=170 potential_cluster_size=8
LBM_allocateGrid: allocated 185.2 MByte
TRIAL 0 us_per_step=143.974399567
TRIAL 1 us_per_step=144.239997864
TRIAL 2 us_per_step=144.037761688
TRIAL 3 us_per_step=144.005117416
TRIAL 4 us_per_step=144.203195572
TRIAL 5 us_per_step=144.231681824
TRIAL 6 us_per_step=144.186239243
TRIAL 7 us_per_step=144.129915237
TRIAL 8 us_per_step=144.078397751
TRIAL 9 us_per_step=144.106559753
TRIAL 10 us_per_step=144.311037064
TRIAL 11 us_per_step=144.036798477
TRIAL 12 us_per_step=144.129915237
TRIAL 13 us_per_step=144.251842499
TRIAL 14 us_per_step=144.108800888
TRIAL 15 us_per_step=144.174079895
TRIAL 16 us_per_step=144.037761688
TRIAL 17 us_per_step=144.027519226
TRIAL 18 us_per_step=144.097280502
TRIAL 19 us_per_step=144.107837677
BENCH mode=D-C0-Z2-Spread warmups=5 trials=20 steps=100 launches=50 median_us=144.108319283 min_us=143.974399567 p90_us=144.239997864 mlups=14988.725222485 equivalent_population_TB_s=2.278286234
