DEVICE name=NVIDIA GeForce RTX 5090 cc=12.0 sms=170
RESOURCE name=D-C0-Z2-Spread threads=256 registers=56 static_shared=0 dynamic_shared=38912 local_bytes=0 active_blocks_per_sm=2 grid=8x15x38 block=256x1x1 steps_per_launch=2 theoretical_occupancy_pct=33.333333
CLUSTER runtime_cluster=1 dim=1x1x2 size=2 policy=Spread active_clusters_device=170 potential_cluster_size=8
LBM_allocateGrid: allocated 185.2 MByte
TRIAL 0 us_per_step=144.291200638
TRIAL 1 us_per_step=144.147844315
TRIAL 2 us_per_step=144.214715958
TRIAL 3 us_per_step=144.182081223
TRIAL 4 us_per_step=144.105920792
TRIAL 5 us_per_step=144.203844070
TRIAL 6 us_per_step=144.242563248
TRIAL 7 us_per_step=144.198083878
TRIAL 8 us_per_step=144.273281097
TRIAL 9 us_per_step=144.280319214
TRIAL 10 us_per_step=144.209918976
TRIAL 11 us_per_step=144.088964462
TRIAL 12 us_per_step=144.273281097
TRIAL 13 us_per_step=144.163522720
TRIAL 14 us_per_step=144.293117523
TRIAL 15 us_per_step=144.138879776
TRIAL 16 us_per_step=144.231357574
TRIAL 17 us_per_step=144.170560837
TRIAL 18 us_per_step=144.094076157
TRIAL 19 us_per_step=144.220476151
BENCH mode=D-C0-Z2-Spread warmups=5 trials=20 steps=100 launches=50 median_us=144.206881523 min_us=144.088964462 p90_us=144.280319214 mlups=14978.480757546 equivalent_population_TB_s=2.276729075
