DEVICE name=NVIDIA GeForce RTX 5090 cc=12.0 sms=170
RESOURCE name=D-V2-256 threads=256 registers=56 static_shared=0 dynamic_shared=38912 local_bytes=0 active_blocks_per_sm=2 grid=8x15x38 block=256x1x1 steps_per_launch=2 theoretical_occupancy_pct=33.333333
CLUSTER runtime_cluster=0 dim=0x0x0 size=0 policy=None active_clusters_device=340 potential_cluster_size=8
LBM_allocateGrid: allocated 185.2 MByte
TRIAL 0 us_per_step=136.734724045
TRIAL 1 us_per_step=136.529598236
TRIAL 2 us_per_step=136.500482559
TRIAL 3 us_per_step=136.530876160
TRIAL 4 us_per_step=136.600322723
TRIAL 5 us_per_step=136.672964096
TRIAL 6 us_per_step=136.644163132
TRIAL 7 us_per_step=136.500482559
TRIAL 8 us_per_step=136.572160721
TRIAL 9 us_per_step=136.447038651
TRIAL 10 us_per_step=136.662082672
TRIAL 11 us_per_step=136.529922485
TRIAL 12 us_per_step=136.602239609
TRIAL 13 us_per_step=136.629438400
TRIAL 14 us_per_step=136.591358185
TRIAL 15 us_per_step=136.518716812
TRIAL 16 us_per_step=136.653757095
TRIAL 17 us_per_step=136.575355530
TRIAL 18 us_per_step=136.519355774
TRIAL 19 us_per_step=136.555204391
BENCH mode=D-V2-256 warmups=5 trials=20 steps=100 launches=50 median_us=136.573758125 min_us=136.447038651 p90_us=136.662082672 mlups=15815.629808021 equivalent_population_TB_s=2.403975731
