DEVICE name=NVIDIA GeForce RTX 5090 cc=12.0 sms=170
RESOURCE name=D-C1-Z2-Spread threads=256 registers=56 static_shared=0 dynamic_shared=38912 local_bytes=0 active_blocks_per_sm=2 grid=8x15x38 block=256x1x1 steps_per_launch=2 theoretical_occupancy_pct=33.333333
CLUSTER runtime_cluster=1 dim=1x1x2 size=2 policy=Spread active_clusters_device=170 potential_cluster_size=8
LBM_allocateGrid: allocated 185.2 MByte
TRIAL 0 us_per_step=146.552639008
TRIAL 1 us_per_step=146.585597992
TRIAL 2 us_per_step=146.554880142
TRIAL 3 us_per_step=146.617918015
TRIAL 4 us_per_step=146.597118378
TRIAL 5 us_per_step=146.628160477
TRIAL 6 us_per_step=146.453437805
TRIAL 7 us_per_step=146.452798843
TRIAL 8 us_per_step=146.595840454
TRIAL 9 us_per_step=146.515836716
TRIAL 10 us_per_step=146.493120193
TRIAL 11 us_per_step=146.491842270
TRIAL 12 us_per_step=146.679039001
TRIAL 13 us_per_step=146.505279541
TRIAL 14 us_per_step=146.495037079
TRIAL 15 us_per_step=146.492481232
TRIAL 16 us_per_step=146.552000046
TRIAL 17 us_per_step=146.494398117
TRIAL 18 us_per_step=146.556482315
TRIAL 19 us_per_step=146.568956375
BENCH mode=D-C1-Z2-Spread warmups=5 trials=20 steps=100 launches=50 median_us=146.552319527 min_us=146.452798843 p90_us=146.617918015 mlups=14738.763650935 equivalent_population_TB_s=2.240292075
