DEVICE name=NVIDIA GeForce RTX 5090 cc=12.0 sms=170
RESOURCE name=D-C1-Z2-LoadBalancing threads=256 registers=56 static_shared=0 dynamic_shared=38912 local_bytes=0 active_blocks_per_sm=2 grid=8x15x38 block=256x1x1 steps_per_launch=2 theoretical_occupancy_pct=33.333333
CLUSTER runtime_cluster=1 dim=1x1x2 size=2 policy=LoadBalancing active_clusters_device=170 potential_cluster_size=8
LBM_allocateGrid: allocated 185.2 MByte
TRIAL 0 us_per_step=142.404155731
TRIAL 1 us_per_step=142.335996628
TRIAL 2 us_per_step=142.335681915
TRIAL 3 us_per_step=142.387199402
TRIAL 4 us_per_step=142.407684326
TRIAL 5 us_per_step=142.430076599
TRIAL 6 us_per_step=142.440004349
TRIAL 7 us_per_step=142.390718460
TRIAL 8 us_per_step=142.305278778
TRIAL 9 us_per_step=142.315835953
TRIAL 10 us_per_step=142.376642227
TRIAL 11 us_per_step=142.222719193
TRIAL 12 us_per_step=142.337598801
TRIAL 13 us_per_step=142.389116287
TRIAL 14 us_per_step=142.374401093
TRIAL 15 us_per_step=142.438402176
TRIAL 16 us_per_step=142.347841263
TRIAL 17 us_per_step=142.409601212
TRIAL 18 us_per_step=142.419204712
TRIAL 19 us_per_step=142.397117615
BENCH mode=D-C1-Z2-LoadBalancing warmups=5 trials=20 steps=100 launches=50 median_us=142.388157845 min_us=142.222719193 p90_us=142.430076599 mlups=15169.800864748 equivalent_population_TB_s=2.305809731
