DEVICE name=NVIDIA GeForce RTX 5090 cc=12.0 sms=170
RESOURCE name=D-C0-Z2-Spread threads=256 registers=56 static_shared=0 dynamic_shared=38912 local_bytes=0 active_blocks_per_sm=2 grid=8x15x38 block=256x1x1 steps_per_launch=2 theoretical_occupancy_pct=33.333333
CLUSTER runtime_cluster=1 dim=1x1x2 size=2 policy=Spread active_clusters_device=170 potential_cluster_size=8
LBM_allocateGrid: allocated 185.2 MByte
TRIAL 0 us_per_step=144.169282913
TRIAL 1 us_per_step=144.138240814
TRIAL 2 us_per_step=144.118719101
TRIAL 3 us_per_step=144.197120667
TRIAL 4 us_per_step=144.150400162
TRIAL 5 us_per_step=144.118719101
TRIAL 6 us_per_step=144.169921875
TRIAL 7 us_per_step=144.097919464
TRIAL 8 us_per_step=144.241600037
TRIAL 9 us_per_step=144.103679657
TRIAL 10 us_per_step=144.186239243
TRIAL 11 us_per_step=144.109439850
TRIAL 12 us_per_step=144.108476639
TRIAL 13 us_per_step=144.170236588
TRIAL 14 us_per_step=144.170236588
TRIAL 15 us_per_step=144.139518738
TRIAL 16 us_per_step=144.109439850
TRIAL 17 us_per_step=144.263038635
TRIAL 18 us_per_step=144.148159027
TRIAL 19 us_per_step=144.127998352
BENCH mode=D-C0-Z2-Spread warmups=5 trials=20 steps=100 launches=50 median_us=144.143838882 min_us=144.097919464 p90_us=144.197120667 mlups=14985.031734596 equivalent_population_TB_s=2.277724824
