DEVICE name=NVIDIA GeForce RTX 5090 cc=12.0 sms=170
RESOURCE name=D-C1-Z2-LoadBalancing threads=256 registers=56 static_shared=0 dynamic_shared=38912 local_bytes=0 active_blocks_per_sm=2 grid=8x15x38 block=256x1x1 steps_per_launch=2 theoretical_occupancy_pct=33.333333
CLUSTER runtime_cluster=1 dim=1x1x2 size=2 policy=LoadBalancing active_clusters_device=170 potential_cluster_size=8
LBM_allocateGrid: allocated 185.2 MByte
TRIAL 0 us_per_step=142.413986206
TRIAL 1 us_per_step=142.390457153
TRIAL 2 us_per_step=142.396575928
TRIAL 3 us_per_step=142.358718872
TRIAL 4 us_per_step=142.398620605
TRIAL 5 us_per_step=142.382080078
TRIAL 6 us_per_step=142.326980591
TRIAL 7 us_per_step=142.441665649
TRIAL 8 us_per_step=142.456954956
TRIAL 9 us_per_step=142.481567383
TRIAL 10 us_per_step=142.471206665
TRIAL 11 us_per_step=142.475387573
TRIAL 12 us_per_step=142.495910645
TRIAL 13 us_per_step=142.504089355
TRIAL 14 us_per_step=142.525604248
TRIAL 15 us_per_step=142.481445312
TRIAL 16 us_per_step=142.496734619
TRIAL 17 us_per_step=142.485656738
TRIAL 18 us_per_step=142.476348877
TRIAL 19 us_per_step=142.491806030
BENCH mode=D-C1-Z2-LoadBalancing warmups=5 trials=20 steps=1000 launches=500 median_us=142.473297119 min_us=142.326980591 p90_us=142.496734619 mlups=15160.735686448 equivalent_population_TB_s=2.304431824
