DEVICE name=NVIDIA GeForce RTX 5090 cc=12.0 sms=170
RESOURCE name=D-V2-256 threads=256 registers=56 static_shared=0 dynamic_shared=38912 local_bytes=0 active_blocks_per_sm=2 grid=8x15x38 block=256x1x1 steps_per_launch=2 theoretical_occupancy_pct=33.333333
CLUSTER runtime_cluster=0 dim=0x0x0 size=0 policy=None active_clusters_device=340 potential_cluster_size=8
LBM_allocateGrid: allocated 185.2 MByte
TRIAL 0 us_per_step=136.572036743
TRIAL 1 us_per_step=136.592544556
TRIAL 2 us_per_step=136.589157104
TRIAL 3 us_per_step=136.622085571
TRIAL 4 us_per_step=136.603805542
TRIAL 5 us_per_step=136.594619751
TRIAL 6 us_per_step=136.592575073
TRIAL 7 us_per_step=136.641403198
TRIAL 8 us_per_step=136.607742310
TRIAL 9 us_per_step=136.619110107
TRIAL 10 us_per_step=136.643707275
TRIAL 11 us_per_step=136.626876831
TRIAL 12 us_per_step=136.623229980
TRIAL 13 us_per_step=136.615997314
TRIAL 14 us_per_step=136.647674561
TRIAL 15 us_per_step=136.576263428
TRIAL 16 us_per_step=136.600601196
TRIAL 17 us_per_step=136.606918335
TRIAL 18 us_per_step=136.603713989
TRIAL 19 us_per_step=136.625152588
BENCH mode=D-V2-256 warmups=5 trials=20 steps=1000 launches=500 median_us=136.607330322 min_us=136.572036743 p90_us=136.641403198 mlups=15811.743007527 equivalent_population_TB_s=2.403384937
