DEVICE name=NVIDIA GeForce RTX 5090 cc=12.0 sms=170
RESOURCE name=D-C1-Z2-Spread threads=256 registers=56 static_shared=0 dynamic_shared=38912 local_bytes=0 active_blocks_per_sm=2 grid=8x15x38 block=256x1x1 steps_per_launch=2 theoretical_occupancy_pct=33.333333
CLUSTER runtime_cluster=1 dim=1x1x2 size=2 policy=Spread active_clusters_device=170 potential_cluster_size=8
LBM_allocateGrid: allocated 185.2 MByte
TRIAL 0 us_per_step=146.411523819
TRIAL 1 us_per_step=146.299200058
TRIAL 2 us_per_step=146.421117783
TRIAL 3 us_per_step=146.352319717
TRIAL 4 us_per_step=146.290235519
TRIAL 5 us_per_step=146.341762543
TRIAL 6 us_per_step=146.513919830
TRIAL 7 us_per_step=146.351680756
TRIAL 8 us_per_step=146.402883530
TRIAL 9 us_per_step=146.474561691
TRIAL 10 us_per_step=146.462717056
TRIAL 11 us_per_step=146.345920563
TRIAL 12 us_per_step=146.516475677
TRIAL 13 us_per_step=146.422719955
TRIAL 14 us_per_step=146.454076767
TRIAL 15 us_per_step=146.360635757
TRIAL 16 us_per_step=146.443195343
TRIAL 17 us_per_step=146.401920319
TRIAL 18 us_per_step=146.320962906
TRIAL 19 us_per_step=146.430082321
BENCH mode=D-C1-Z2-Spread warmups=5 trials=20 steps=100 launches=50 median_us=146.407203674 min_us=146.290235519 p90_us=146.474561691 mlups=14753.372414686 equivalent_population_TB_s=2.242512607
