DEVICE name=NVIDIA GeForce RTX 5090 cc=12.0 sms=170
RESOURCE name=D-C0-Z2-LoadBalancing threads=256 registers=56 static_shared=0 dynamic_shared=38912 local_bytes=0 active_blocks_per_sm=2 grid=8x15x38 block=256x1x1 steps_per_launch=2 theoretical_occupancy_pct=33.333333
CLUSTER runtime_cluster=1 dim=1x1x2 size=2 policy=LoadBalancing active_clusters_device=170 potential_cluster_size=8
LBM_allocateGrid: allocated 185.2 MByte
TRIAL 0 us_per_step=137.928962708
TRIAL 1 us_per_step=137.738237381
TRIAL 2 us_per_step=137.983999252
TRIAL 3 us_per_step=137.883520126
TRIAL 4 us_per_step=137.784643173
TRIAL 5 us_per_step=137.821760178
TRIAL 6 us_per_step=137.913923264
TRIAL 7 us_per_step=137.811841965
TRIAL 8 us_per_step=137.912960052
TRIAL 9 us_per_step=137.768640518
TRIAL 10 us_per_step=137.850236893
TRIAL 11 us_per_step=137.893762589
TRIAL 12 us_per_step=137.870721817
TRIAL 13 us_per_step=137.780475616
TRIAL 14 us_per_step=137.890558243
TRIAL 15 us_per_step=137.903680801
TRIAL 16 us_per_step=137.914237976
TRIAL 17 us_per_step=137.923517227
TRIAL 18 us_per_step=137.871036530
TRIAL 19 us_per_step=137.758398056
BENCH mode=D-C0-Z2-LoadBalancing warmups=5 trials=20 steps=100 launches=50 median_us=137.877278328 min_us=137.738237381 p90_us=137.923517227 mlups=15666.105584580 equivalent_population_TB_s=2.381248049
