DEVICE name=NVIDIA GeForce RTX 5090 cc=12.0 sms=170
RESOURCE name=D-C1-Z2-LoadBalancing threads=256 registers=56 static_shared=0 dynamic_shared=38912 local_bytes=0 active_blocks_per_sm=2 grid=8x15x38 block=256x1x1 steps_per_launch=2 theoretical_occupancy_pct=33.333333
CLUSTER runtime_cluster=1 dim=1x1x2 size=2 policy=LoadBalancing active_clusters_device=170 potential_cluster_size=8
LBM_allocateGrid: allocated 185.2 MByte
TRIAL 0 us_per_step=142.315196991
TRIAL 1 us_per_step=142.382402420
TRIAL 2 us_per_step=142.395839691
TRIAL 3 us_per_step=142.347841263
TRIAL 4 us_per_step=142.397441864
TRIAL 5 us_per_step=142.368316650
TRIAL 6 us_per_step=142.501115799
TRIAL 7 us_per_step=142.311677933
TRIAL 8 us_per_step=142.408962250
TRIAL 9 us_per_step=142.498559952
TRIAL 10 us_per_step=142.356481552
TRIAL 11 us_per_step=142.304639816
TRIAL 12 us_per_step=142.440319061
TRIAL 13 us_per_step=142.338237762
TRIAL 14 us_per_step=142.389116287
TRIAL 15 us_per_step=142.322559357
TRIAL 16 us_per_step=142.347841263
TRIAL 17 us_per_step=142.471036911
TRIAL 18 us_per_step=142.368316650
TRIAL 19 us_per_step=142.252159119
BENCH mode=D-C1-Z2-LoadBalancing warmups=5 trials=20 steps=100 launches=50 median_us=142.368316650 min_us=142.252159119 p90_us=142.471036911 mlups=15171.915007636 equivalent_population_TB_s=2.306131081
