DEVICE name=NVIDIA GeForce RTX 5090 cc=12.0 sms=170
RESOURCE name=D-C0-Z2-LoadBalancing threads=256 registers=56 static_shared=0 dynamic_shared=38912 local_bytes=0 active_blocks_per_sm=2 grid=8x15x38 block=256x1x1 steps_per_launch=2 theoretical_occupancy_pct=33.333333
CLUSTER runtime_cluster=1 dim=1x1x2 size=2 policy=LoadBalancing active_clusters_device=170 potential_cluster_size=8
LBM_allocateGrid: allocated 185.2 MByte
TRIAL 0 us_per_step=138.263748169
TRIAL 1 us_per_step=138.259613037
TRIAL 2 us_per_step=138.282012939
TRIAL 3 us_per_step=138.269851685
TRIAL 4 us_per_step=138.298431396
TRIAL 5 us_per_step=138.237030029
TRIAL 6 us_per_step=138.253509521
TRIAL 7 us_per_step=138.223770142
TRIAL 8 us_per_step=138.300582886
TRIAL 9 us_per_step=138.273986816
TRIAL 10 us_per_step=138.301635742
TRIAL 11 us_per_step=138.269287109
TRIAL 12 us_per_step=138.491897583
TRIAL 13 us_per_step=138.279937744
TRIAL 14 us_per_step=138.290115356
TRIAL 15 us_per_step=138.284194946
TRIAL 16 us_per_step=138.262649536
TRIAL 17 us_per_step=138.284194946
TRIAL 18 us_per_step=138.320861816
TRIAL 19 us_per_step=138.331268311
BENCH mode=D-C0-Z2-LoadBalancing warmups=5 trials=20 steps=1000 launches=500 median_us=138.280975342 min_us=138.223770142 p90_us=138.320861816 mlups=15620.370008680 equivalent_population_TB_s=2.374296241
