DEVICE name=NVIDIA GeForce RTX 5090 cc=12.0 sms=170
RESOURCE name=D-C1-Z2-LoadBalancing threads=256 registers=56 static_shared=0 dynamic_shared=38912 local_bytes=0 active_blocks_per_sm=2 grid=8x15x38 block=256x1x1 steps_per_launch=2 theoretical_occupancy_pct=33.333333
CLUSTER runtime_cluster=1 dim=1x1x2 size=2 policy=LoadBalancing active_clusters_device=170 potential_cluster_size=8
LBM_allocateGrid: allocated 185.2 MByte
TRIAL 0 us_per_step=142.366075516
TRIAL 1 us_per_step=142.335996628
TRIAL 2 us_per_step=142.385921478
TRIAL 3 us_per_step=142.296962738
TRIAL 4 us_per_step=142.366724014
TRIAL 5 us_per_step=142.439680099
TRIAL 6 us_per_step=142.286396027
TRIAL 7 us_per_step=142.260799408
TRIAL 8 us_per_step=142.387199402
TRIAL 9 us_per_step=142.325763702
TRIAL 10 us_per_step=142.284479141
TRIAL 11 us_per_step=144.516477585
TRIAL 12 us_per_step=142.399044037
TRIAL 13 us_per_step=142.491197586
TRIAL 14 us_per_step=142.378559113
TRIAL 15 us_per_step=142.316799164
TRIAL 16 us_per_step=142.430076599
TRIAL 17 us_per_step=142.423362732
TRIAL 18 us_per_step=142.490558624
TRIAL 19 us_per_step=142.406721115
BENCH mode=D-C1-Z2-LoadBalancing warmups=5 trials=20 steps=100 launches=50 median_us=142.382240295 min_us=142.260799408 p90_us=142.490558624 mlups=15170.431336931 equivalent_population_TB_s=2.305905563
