DEVICE name=NVIDIA GeForce RTX 5090 cc=12.0 sms=170
RESOURCE name=D-V3-Z2-Spread threads=256 registers=64 static_shared=0 dynamic_shared=38912 local_bytes=0 active_blocks_per_sm=2 grid=8x15x38 block=256x1x1 steps_per_launch=2 theoretical_occupancy_pct=33.333333
CLUSTER runtime_cluster=1 dim=1x1x2 size=2 policy=Spread active_clusters_device=170 potential_cluster_size=8
LBM_allocateGrid: allocated 185.2 MByte
TRIAL 0 us_per_step=141.226013184
TRIAL 1 us_per_step=141.221954346
TRIAL 2 us_per_step=141.280410767
TRIAL 3 us_per_step=141.259933472
TRIAL 4 us_per_step=141.230789185
TRIAL 5 us_per_step=141.226150513
TRIAL 6 us_per_step=141.256805420
TRIAL 7 us_per_step=141.242523193
TRIAL 8 us_per_step=141.225112915
TRIAL 9 us_per_step=141.235321045
TRIAL 10 us_per_step=141.223999023
TRIAL 11 us_per_step=141.211685181
TRIAL 12 us_per_step=141.272216797
TRIAL 13 us_per_step=141.328384399
TRIAL 14 us_per_step=141.339706421
TRIAL 15 us_per_step=141.305892944
TRIAL 16 us_per_step=141.341690063
TRIAL 17 us_per_step=141.351074219
TRIAL 18 us_per_step=141.341827393
TRIAL 19 us_per_step=141.328384399
BENCH mode=D-V3-Z2-Spread warmups=5 trials=20 steps=1000 launches=500 median_us=141.258369446 min_us=141.211685181 p90_us=141.341690063 mlups=15291.129357321 equivalent_population_TB_s=2.324251662
