DEVICE name=NVIDIA GeForce RTX 5090 cc=12.0 sms=170
RESOURCE name=D-C1-Z2-Spread threads=256 registers=56 static_shared=0 dynamic_shared=38912 local_bytes=0 active_blocks_per_sm=2 grid=8x15x38 block=256x1x1 steps_per_launch=2 theoretical_occupancy_pct=33.333333
CLUSTER runtime_cluster=1 dim=1x1x2 size=2 policy=Spread active_clusters_device=170 potential_cluster_size=8
LBM_allocateGrid: allocated 185.2 MByte
TRIAL 0 us_per_step=146.379203796
TRIAL 1 us_per_step=146.319360733
TRIAL 2 us_per_step=146.319675446
TRIAL 3 us_per_step=146.289920807
TRIAL 4 us_per_step=146.391363144
TRIAL 5 us_per_step=146.423358917
TRIAL 6 us_per_step=146.453123093
TRIAL 7 us_per_step=146.382722855
TRIAL 8 us_per_step=146.339836121
TRIAL 9 us_per_step=146.392316818
TRIAL 10 us_per_step=146.472959518
TRIAL 11 us_per_step=146.380796432
TRIAL 12 us_per_step=146.443843842
TRIAL 13 us_per_step=146.341438293
TRIAL 14 us_per_step=146.454401016
TRIAL 15 us_per_step=146.382398605
TRIAL 16 us_per_step=146.361598969
TRIAL 17 us_per_step=146.413440704
TRIAL 18 us_per_step=146.443195343
TRIAL 19 us_per_step=146.359357834
BENCH mode=D-C1-Z2-Spread warmups=5 trials=20 steps=100 launches=50 median_us=146.382560730 min_us=146.289920807 p90_us=146.453123093 mlups=14755.856088516 equivalent_population_TB_s=2.242890125
