DEVICE name=NVIDIA GeForce RTX 5090 cc=12.0 sms=170
RESOURCE name=D-V2-256 threads=256 registers=56 static_shared=0 dynamic_shared=38912 local_bytes=0 active_blocks_per_sm=2 grid=8x15x38 block=256x1x1 steps_per_launch=2 theoretical_occupancy_pct=33.333333
CLUSTER runtime_cluster=0 dim=0x0x0 size=0 policy=None active_clusters_device=340 potential_cluster_size=8
LBM_allocateGrid: allocated 185.2 MByte
TRIAL 0 us_per_step=136.519680023
TRIAL 1 us_per_step=136.477117538
TRIAL 2 us_per_step=136.511039734
TRIAL 3 us_per_step=136.613759995
TRIAL 4 us_per_step=136.623363495
TRIAL 5 us_per_step=136.529922485
TRIAL 6 us_per_step=136.499204636
TRIAL 7 us_per_step=136.470079422
TRIAL 8 us_per_step=136.623039246
TRIAL 9 us_per_step=136.621437073
TRIAL 10 us_per_step=136.582403183
TRIAL 11 us_per_step=136.488962173
TRIAL 12 us_per_step=136.550397873
TRIAL 13 us_per_step=136.609601974
TRIAL 14 us_per_step=136.480321884
TRIAL 15 us_per_step=136.623678207
TRIAL 16 us_per_step=136.593284607
TRIAL 17 us_per_step=136.511039734
TRIAL 18 us_per_step=136.528959274
TRIAL 19 us_per_step=136.636161804
BENCH mode=D-V2-256 warmups=5 trials=20 steps=100 launches=50 median_us=136.540160179 min_us=136.470079422 p90_us=136.623363495 mlups=15819.521503169 equivalent_population_TB_s=2.404567268
