DEVICE name=NVIDIA GeForce RTX 5090 cc=12.0 sms=170
RESOURCE name=D-C0-Z2-Spread threads=256 registers=56 static_shared=0 dynamic_shared=38912 local_bytes=0 active_blocks_per_sm=2 grid=8x15x38 block=256x1x1 steps_per_launch=2 theoretical_occupancy_pct=33.333333
CLUSTER runtime_cluster=1 dim=1x1x2 size=2 policy=Spread active_clusters_device=170 potential_cluster_size=8
LBM_allocateGrid: allocated 185.2 MByte
TRIAL 0 us_per_step=144.119682312
TRIAL 1 us_per_step=144.138240814
TRIAL 2 us_per_step=144.047040939
TRIAL 3 us_per_step=144.048004150
TRIAL 4 us_per_step=144.006719589
TRIAL 5 us_per_step=144.119358063
TRIAL 6 us_per_step=144.027204514
TRIAL 7 us_per_step=144.139842987
TRIAL 8 us_per_step=144.088640213
TRIAL 9 us_per_step=144.107198715
TRIAL 10 us_per_step=144.025278091
TRIAL 11 us_per_step=144.187517166
TRIAL 12 us_per_step=144.108800888
TRIAL 13 us_per_step=144.150075912
TRIAL 14 us_per_step=144.107837677
TRIAL 15 us_per_step=144.099197388
TRIAL 16 us_per_step=144.140157700
TRIAL 17 us_per_step=144.016962051
TRIAL 18 us_per_step=144.220161438
TRIAL 19 us_per_step=144.106235504
BENCH mode=D-C0-Z2-Spread warmups=5 trials=20 steps=100 launches=50 median_us=144.107518196 min_us=144.006719589 p90_us=144.150075912 mlups=14988.808544053 equivalent_population_TB_s=2.278298899
