DEVICE name=NVIDIA GeForce RTX 5090 cc=12.0 sms=170
RESOURCE name=D-C0-Z2-LoadBalancing threads=256 registers=56 static_shared=0 dynamic_shared=38912 local_bytes=0 active_blocks_per_sm=2 grid=8x15x38 block=256x1x1 steps_per_launch=2 theoretical_occupancy_pct=33.333333
CLUSTER runtime_cluster=1 dim=1x1x2 size=2 policy=LoadBalancing active_clusters_device=170 potential_cluster_size=8
LBM_allocateGrid: allocated 185.2 MByte
TRIAL 0 us_per_step=137.897596359
TRIAL 1 us_per_step=137.844161987
TRIAL 2 us_per_step=137.944316864
TRIAL 3 us_per_step=137.944955826
TRIAL 4 us_per_step=137.955198288
TRIAL 5 us_per_step=137.933759689
TRIAL 6 us_per_step=137.810564041
TRIAL 7 us_per_step=137.979202271
TRIAL 8 us_per_step=137.862396240
TRIAL 9 us_per_step=137.911682129
TRIAL 10 us_per_step=137.902078629
TRIAL 11 us_per_step=137.955198288
TRIAL 12 us_per_step=137.851524353
TRIAL 13 us_per_step=137.834882736
TRIAL 14 us_per_step=137.897596359
TRIAL 15 us_per_step=137.953920364
TRIAL 16 us_per_step=138.004484177
TRIAL 17 us_per_step=137.851200104
TRIAL 18 us_per_step=137.878084183
TRIAL 19 us_per_step=137.837762833
BENCH mode=D-C0-Z2-LoadBalancing warmups=5 trials=20 steps=100 launches=50 median_us=137.899837494 min_us=137.810564041 p90_us=137.955198288 mlups=15663.542751423 equivalent_population_TB_s=2.380858498
