DEVICE name=NVIDIA GeForce RTX 5090 cc=12.0 sms=170
RESOURCE name=D-C0-Z2-Spread threads=256 registers=56 static_shared=0 dynamic_shared=38912 local_bytes=0 active_blocks_per_sm=2 grid=8x15x38 block=256x1x1 steps_per_launch=2 theoretical_occupancy_pct=33.333333
CLUSTER runtime_cluster=1 dim=1x1x2 size=2 policy=Spread active_clusters_device=170 potential_cluster_size=8
LBM_allocateGrid: allocated 185.2 MByte
TRIAL 0 us_per_step=144.073915482
TRIAL 1 us_per_step=144.065599442
TRIAL 2 us_per_step=144.160318375
TRIAL 3 us_per_step=144.222078323
TRIAL 4 us_per_step=144.098243713
TRIAL 5 us_per_step=144.168319702
TRIAL 6 us_per_step=144.231996536
TRIAL 7 us_per_step=144.190721512
TRIAL 8 us_per_step=144.200639725
TRIAL 9 us_per_step=144.239683151
TRIAL 10 us_per_step=144.189443588
TRIAL 11 us_per_step=144.178237915
TRIAL 12 us_per_step=144.139842987
TRIAL 13 us_per_step=144.260158539
TRIAL 14 us_per_step=144.252157211
TRIAL 15 us_per_step=144.179515839
TRIAL 16 us_per_step=144.254083633
TRIAL 17 us_per_step=144.201278687
TRIAL 18 us_per_step=144.127044678
TRIAL 19 us_per_step=144.199037552
BENCH mode=D-C0-Z2-Spread warmups=5 trials=20 steps=100 launches=50 median_us=144.190082550 min_us=144.065599442 p90_us=144.252157211 mlups=14980.225836616 equivalent_population_TB_s=2.276994327
