DEVICE name=NVIDIA GeForce RTX 5090 cc=12.0 sms=170
RESOURCE name=D-V2-256 threads=256 registers=56 static_shared=0 dynamic_shared=38912 local_bytes=0 active_blocks_per_sm=2 grid=8x15x38 block=256x1x1 steps_per_launch=2 theoretical_occupancy_pct=33.333333
CLUSTER runtime_cluster=0 dim=0x0x0 size=0 policy=None active_clusters_device=340 potential_cluster_size=8
LBM_allocateGrid: allocated 185.2 MByte
TRIAL 0 us_per_step=136.570882797
TRIAL 1 us_per_step=136.539201736
TRIAL 2 us_per_step=136.542081833
TRIAL 3 us_per_step=136.624002457
TRIAL 4 us_per_step=136.540155411
TRIAL 5 us_per_step=136.520643234
TRIAL 6 us_per_step=136.531524658
TRIAL 7 us_per_step=136.479682922
TRIAL 8 us_per_step=136.552324295
TRIAL 9 us_per_step=136.498880386
TRIAL 10 us_per_step=136.601915359
TRIAL 11 us_per_step=136.467838287
TRIAL 12 us_per_step=136.550397873
TRIAL 13 us_per_step=136.705598831
TRIAL 14 us_per_step=136.644163132
TRIAL 15 us_per_step=136.561279297
TRIAL 16 us_per_step=136.663036346
TRIAL 17 us_per_step=136.448640823
TRIAL 18 us_per_step=136.611843109
TRIAL 19 us_per_step=136.609601974
BENCH mode=D-V2-256 warmups=5 trials=20 steps=100 launches=50 median_us=136.551361084 min_us=136.448640823 p90_us=136.644163132 mlups=15818.223874543 equivalent_population_TB_s=2.404370029
