DEVICE name=NVIDIA GeForce RTX 5090 cc=12.0 sms=170
RESOURCE name=D-V2-256 threads=256 registers=56 static_shared=0 dynamic_shared=38912 local_bytes=0 active_blocks_per_sm=2 grid=8x15x38 block=256x1x1 steps_per_launch=2 theoretical_occupancy_pct=33.333333
CLUSTER runtime_cluster=0 dim=0x0x0 size=0 policy=None active_clusters_device=340 potential_cluster_size=8
LBM_allocateGrid: allocated 185.2 MByte
TRIAL 0 us_per_step=136.641597748
TRIAL 1 us_per_step=136.596479416
TRIAL 2 us_per_step=136.693763733
TRIAL 3 us_per_step=136.459522247
TRIAL 4 us_per_step=136.518716812
TRIAL 5 us_per_step=136.602878571
TRIAL 6 us_per_step=136.705923080
TRIAL 7 us_per_step=136.705923080
TRIAL 8 us_per_step=136.460161209
TRIAL 9 us_per_step=136.601600647
TRIAL 10 us_per_step=136.582717896
TRIAL 11 us_per_step=136.581115723
TRIAL 12 us_per_step=136.490240097
TRIAL 13 us_per_step=136.490240097
TRIAL 14 us_per_step=136.693763733
TRIAL 15 us_per_step=136.511363983
TRIAL 16 us_per_step=136.644477844
TRIAL 17 us_per_step=136.531200409
TRIAL 18 us_per_step=136.610879898
TRIAL 19 us_per_step=136.499519348
BENCH mode=D-V2-256 warmups=5 trials=20 steps=100 launches=50 median_us=136.589598656 min_us=136.459522247 p90_us=136.693763733 mlups=15813.795642263 equivalent_population_TB_s=2.403696938
