DEVICE name=NVIDIA GeForce RTX 5090 cc=12.0 sms=170
RESOURCE name=D-V3-Z2-Spread threads=256 registers=64 static_shared=0 dynamic_shared=38912 local_bytes=0 active_blocks_per_sm=2 grid=8x15x38 block=256x1x1 steps_per_launch=2 theoretical_occupancy_pct=33.333333
CLUSTER runtime_cluster=1 dim=1x1x2 size=2 policy=Spread active_clusters_device=170 potential_cluster_size=8
LBM_allocateGrid: allocated 185.2 MByte
TRIAL 0 us_per_step=141.127996445
TRIAL 1 us_per_step=141.122236252
TRIAL 2 us_per_step=141.189117432
TRIAL 3 us_per_step=141.216001511
TRIAL 4 us_per_step=141.160316467
TRIAL 5 us_per_step=141.143999100
TRIAL 6 us_per_step=141.178884506
TRIAL 7 us_per_step=141.225595474
TRIAL 8 us_per_step=141.363201141
TRIAL 9 us_per_step=141.214399338
TRIAL 10 us_per_step=141.268157959
TRIAL 11 us_per_step=141.236476898
TRIAL 12 us_per_step=141.098880768
TRIAL 13 us_per_step=141.246719360
TRIAL 14 us_per_step=141.221437454
TRIAL 15 us_per_step=141.143999100
TRIAL 16 us_per_step=141.200962067
TRIAL 17 us_per_step=141.040315628
TRIAL 18 us_per_step=141.158399582
TRIAL 19 us_per_step=141.162557602
BENCH mode=D-V3-Z2-Spread warmups=5 trials=20 steps=100 launches=50 median_us=141.184000969 min_us=141.040315628 p90_us=141.246719360 mlups=15299.183938521 equivalent_population_TB_s=2.325475959
