DEVICE name=NVIDIA GeForce RTX 5090 cc=12.0 sms=170
RESOURCE name=D-C1-Z2-Spread threads=256 registers=56 static_shared=0 dynamic_shared=38912 local_bytes=0 active_blocks_per_sm=2 grid=8x15x38 block=256x1x1 steps_per_launch=2 theoretical_occupancy_pct=33.333333
CLUSTER runtime_cluster=1 dim=1x1x2 size=2 policy=Spread active_clusters_device=170 potential_cluster_size=8
LBM_allocateGrid: allocated 185.2 MByte
TRIAL 0 us_per_step=146.632736206
TRIAL 1 us_per_step=146.612319946
TRIAL 2 us_per_step=146.618560791
TRIAL 3 us_per_step=146.593795776
TRIAL 4 us_per_step=146.734237671
TRIAL 5 us_per_step=146.790557861
TRIAL 6 us_per_step=146.821182251
TRIAL 7 us_per_step=146.764999390
TRIAL 8 us_per_step=146.746368408
TRIAL 9 us_per_step=146.795608521
TRIAL 10 us_per_step=146.835556030
TRIAL 11 us_per_step=146.950180054
TRIAL 12 us_per_step=146.952285767
TRIAL 13 us_per_step=146.939041138
TRIAL 14 us_per_step=146.923706055
TRIAL 15 us_per_step=146.924697876
TRIAL 16 us_per_step=146.924697876
TRIAL 17 us_per_step=146.946075439
TRIAL 18 us_per_step=146.950042725
TRIAL 19 us_per_step=146.975646973
BENCH mode=D-C1-Z2-Spread warmups=5 trials=20 steps=1000 launches=500 median_us=146.828369141 min_us=146.593795776 p90_us=146.950180054 mlups=14711.053542597 equivalent_population_TB_s=2.236080138
