DEVICE name=NVIDIA GeForce RTX 5090 cc=12.0 sms=170
RESOURCE name=D-V3-Z2-LoadBalancing threads=256 registers=64 static_shared=0 dynamic_shared=38912 local_bytes=0 active_blocks_per_sm=2 grid=8x15x38 block=256x1x1 steps_per_launch=2 theoretical_occupancy_pct=33.333333
CLUSTER runtime_cluster=1 dim=1x1x2 size=2 policy=LoadBalancing active_clusters_device=170 potential_cluster_size=8
LBM_allocateGrid: allocated 185.2 MByte
TRIAL 0 us_per_step=139.622402191
TRIAL 1 us_per_step=139.645442963
TRIAL 2 us_per_step=139.549121857
TRIAL 3 us_per_step=139.521923065
TRIAL 4 us_per_step=139.723844528
TRIAL 5 us_per_step=139.612798691
TRIAL 6 us_per_step=139.582719803
TRIAL 7 us_per_step=139.634561539
TRIAL 8 us_per_step=139.571199417
TRIAL 9 us_per_step=139.406080246
TRIAL 10 us_per_step=139.583358765
TRIAL 11 us_per_step=139.652795792
TRIAL 12 us_per_step=139.654722214
TRIAL 13 us_per_step=139.644155502
TRIAL 14 us_per_step=139.909124374
TRIAL 15 us_per_step=139.592638016
TRIAL 16 us_per_step=139.642877579
TRIAL 17 us_per_step=139.612159729
TRIAL 18 us_per_step=139.724798203
TRIAL 19 us_per_step=139.632644653
BENCH mode=D-V3-Z2-LoadBalancing warmups=5 trials=20 steps=100 launches=50 median_us=139.627523422 min_us=139.406080246 p90_us=139.723844528 mlups=15469.729370391 equivalent_population_TB_s=2.351398864
